Product: MDK-ARM Standard 5.10
Component: ARM Compiler 5.04 update 1 (build 49)
Tool: armlink [5040049]

==============================================================================

Section Cross References

    main.o(.text) refers to e63_can.o(.text) for CAN1_Configuration
    main.o(.text) refers to oled.o(.text) for OLED_Init
    main.o(.text) refers to e63_usart1.o(.text) for Usart_InitCongif
    main.o(.text) refers to timrectigger.o(.text) for TimRecTigger_Init
    main.o(.text) refers to stm32f10x_can.o(.text) for CAN_TransmitStatus
    main.o(.text) refers to delay.o(.text) for Delay_ms
    main.o(.text) refers to stm32f10x_usart.o(.text) for USART_GetITStatus
    main.o(.text) refers to stm32f10x_dma.o(.text) for DMA_Cmd
    main.o(.text) refers to main.o(.data) for CAN1_Musk1
    main.o(.text) refers to main.o(.bss) for USART1_RxMsg1
    main.o(.text) refers to timrectigger.o(.data) for TimCount12
    main.o(.text) refers to printf2.o(i.__0printf$2) for __2printf
    led.o(.text) refers to stm32f10x_rcc.o(.text) for RCC_APB2PeriphClockCmd
    led.o(.text) refers to stm32f10x_gpio.o(.text) for GPIO_Init
    key.o(.text) refers to stm32f10x_rcc.o(.text) for RCC_APB2PeriphClockCmd
    key.o(.text) refers to stm32f10x_gpio.o(.text) for GPIO_Init
    key.o(.text) refers to delay.o(.text) for Delay_ms
    oled.o(.text) refers to stm32f10x_rcc.o(.text) for RCC_APB2PeriphClockCmd
    oled.o(.text) refers to stm32f10x_gpio.o(.text) for GPIO_Init
    oled.o(.text) refers to oled.o(.constdata) for OLED_F8x16
    lightsensor.o(.text) refers to stm32f10x_rcc.o(.text) for RCC_APB2PeriphClockCmd
    lightsensor.o(.text) refers to stm32f10x_gpio.o(.text) for GPIO_Init
    lightsensor.o(.text) refers to lightsensor.o(.data) for LS_input
    ledpwm.o(.text) refers to stm32f10x_rcc.o(.text) for RCC_APB2PeriphClockCmd
    ledpwm.o(.text) refers to stm32f10x_gpio.o(.text) for GPIO_Init
    ledpwm.o(.text) refers to stm32f10x_tim.o(.text) for TIM_InternalClockConfig
    rotaryencoder.o(.text) refers to stm32f10x_rcc.o(.text) for RCC_APB2PeriphClockCmd
    rotaryencoder.o(.text) refers to stm32f10x_gpio.o(.text) for GPIO_Init
    rotaryencoder.o(.text) refers to stm32f10x_exti.o(.text) for EXTI_Init
    rotaryencoder.o(.text) refers to misc.o(.text) for NVIC_PriorityGroupConfig
    rotaryencoder.o(.text) refers to rotaryencoder.o(.data) for StaPinB
    e63_can.o(.text) refers to stm32f10x_rcc.o(.text) for RCC_APB2PeriphClockCmd
    e63_can.o(.text) refers to stm32f10x_gpio.o(.text) for GPIO_PinRemapConfig
    e63_can.o(.text) refers to stm32f10x_can.o(.text) for CAN_Init
    e63_can.o(.text) refers to misc.o(.text) for NVIC_PriorityGroupConfig
    e63_can.o(.text) refers to memseta.o(.text) for __aeabi_memclr4
    e63_can.o(.text) refers to dflti.o(.text) for __aeabi_i2d
    e63_can.o(.text) refers to dmul.o(.text) for __aeabi_dmul
    e63_can.o(.text) refers to dadd.o(.text) for __aeabi_dadd
    e63_can.o(.text) refers to dfixi.o(.text) for __aeabi_d2iz
    e63_usart1.o(.text) refers to stm32f10x_rcc.o(.text) for RCC_APB2PeriphClockCmd
    e63_usart1.o(.text) refers to stm32f10x_gpio.o(.text) for GPIO_Init
    e63_usart1.o(.text) refers to stm32f10x_usart.o(.text) for USART_DeInit
    e63_usart1.o(.text) refers to misc.o(.text) for NVIC_PriorityGroupConfig
    e63_usart1.o(.text) refers to stm32f10x_dma.o(.text) for DMA_DeInit
    e63_usart1.o(.text) refers to strcmp.o(.text) for strcmp
    e63_usart1.o(.text) refers to dflti.o(.text) for __aeabi_i2d
    e63_usart1.o(.text) refers to dmul.o(.text) for __aeabi_dmul
    e63_usart1.o(.text) refers to dfixi.o(.text) for __aeabi_d2iz
    e63_usart1.o(.text) refers to memseta.o(.text) for __aeabi_memclr4
    e63_usart1.o(.text) refers to strcpy.o(.text) for strcpy
    e63_usart1.o(.text) refers to e63_usart1.o(.bss) for ptr
    e63_usart1.o(.text) refers to timrectigger.o(.data) for TimCount12
    e63_usart1.o(.text) refers to e63_usart1.o(.data) for Trf_CallingTimes
    timrectigger.o(.text) refers to stm32f10x_rcc.o(.text) for RCC_APB2PeriphClockCmd
    timrectigger.o(.text) refers to stm32f10x_gpio.o(.text) for GPIO_Init
    timrectigger.o(.text) refers to stm32f10x_exti.o(.text) for EXTI_Init
    timrectigger.o(.text) refers to misc.o(.text) for NVIC_PriorityGroupConfig
    timrectigger.o(.text) refers to stm32f10x_tim.o(.text) for TIM_TimeBaseInit
    timrectigger.o(.text) refers to oled.o(.text) for OLED_ShowString
    timrectigger.o(.text) refers to e63_usart1.o(.text) for Screen_TimerRecCmd
    timrectigger.o(.text) refers to timrectigger.o(.data) for TimCount12
    timer.o(.text) refers to stm32f10x_rcc.o(.text) for RCC_APB1PeriphClockCmd
    timer.o(.text) refers to stm32f10x_tim.o(.text) for TIM_InternalClockConfig
    timer.o(.text) refers to misc.o(.text) for NVIC_PriorityGroupConfig
    timer.o(.text) refers to timer.o(.data) for NumPlus
[...]
    printfb.o(i.__0printf$bare) refers to stdout.o(.data) for __stdout
    printfb.o(i.__0snprintf$bare) refers to printfb.o(i._printf_core) for _printf_core
    printfb.o(i.__0snprintf$bare) refers to printfb.o(i._snputc) for _snputc
    printfb.o(i.__0sprintf$bare) refers to printfb.o(i._printf_core) for _printf_core
    printfb.o(i.__0sprintf$bare) refers to printfb.o(i._sputc) for _sputc
    printfb.o(i.__0vfprintf$bare) refers to printfb.o(i._printf_core) for _printf_core
    printfb.o(i.__0vfprintf$bare) refers to e63_usart1.o(.text) for fputc
    printfb.o(i.__0vprintf$bare) refers to printfb.o(i._printf_core) for _printf_core
    printfb.o(i.__0vprintf$bare) refers to e63_usart1.o(.text) for fputc
    printfb.o(i.__0vprintf$bare) refers to stdout.o(.data) for __stdout
    printfb.o(i.__0vsnprintf$bare) refers to printfb.o(i._printf_core) for _printf_core
    printfb.o(i.__0vsnprintf$bare) refers to printfb.o(i._snputc) for _snputc
    printfb.o(i.__0vsprintf$bare) refers to printfb.o(i._printf_core) for _printf_core
    printfb.o(i.__0vsprintf$bare) refers to printfb.o(i._sputc) for _sputc
    printf0.o(i.__0fprintf$0) refers to printf0.o(i._printf_core) for _printf_core
    printf0.o(i.__0fprintf$0) refers to e63_usart1.o(.text) for fputc
    printf0.o(i.__0printf$0) refers to printf0.o(i._printf_core) for _printf_core
    printf0.o(i.__0printf$0) refers to e63_usart1.o(.text) for fputc
    printf0.o(i.__0printf$0) refers to stdout.o(.data) for __stdout
    printf0.o(i.__0snprintf$0) refers to printf0.o(i._printf_core) for _printf_core
    printf0.o(i.__0snprintf$0) refers to printf0.o(i._snputc) for _snputc
    printf0.o(i.__0sprintf$0) refers to printf0.o(i._printf_core) for _printf_core
    printf0.o(i.__0sprintf$0) refers to printf0.o(i._sputc) for _sputc
    printf0.o(i.__0vfprintf$0) refers to printf0.o(i._printf_core) for _printf_core
    printf0.o(i.__0vfprintf$0) refers to e63_usart1.o(.text) for fputc
    printf0.o(i.__0vprintf$0) refers to printf0.o(i._printf_core) for _printf_core
    printf0.o(i.__0vprintf$0) refers to e63_usart1.o(.text) for fputc
    printf0.o(i.__0vprintf$0) refers to stdout.o(.data) for __stdout
    printf0.o(i.__0vsnprintf$0) refers to printf0.o(i._printf_core) for _printf_core
    printf0.o(i.__0vsnprintf$0) refers to printf0.o(i._snputc) for _snputc
    printf0.o(i.__0vsprintf$0) refers to printf0.o(i._printf_core) for _printf_core
    printf0.o(i.__0vsprintf$0) refers to printf0.o(i._sputc) for _sputc
    printf1.o(i.__0fprintf$1) refers to printf1.o(i._printf_core) for _printf_core
    printf1.o(i.__0fprintf$1) refers to e63_usart1.o(.text) for fputc
    printf1.o(i.__0printf$1) refers to printf1.o(i._printf_core) for _printf_core
    printf1.o(i.__0printf$1) refers to e63_usart1.o(.text) for fputc
    printf1.o(i.__0printf$1) refers to stdout.o(.data) for __stdout
    printf1.o(i.__0snprintf$1) refers to printf1.o(i._printf_core) for _printf_core
    printf1.o(i.__0snprintf$1) refers to printf1.o(i._snputc) for _snputc
    printf1.o(i.__0sprintf$1) refers to printf1.o(i._printf_core) for _printf_core
    printf1.o(i.__0sprintf$1) refers to printf1.o(i._sputc) for _sputc
    printf1.o(i.__0vfprintf$1) refers to printf1.o(i._printf_core) for _printf_core
    printf1.o(i.__0vfprintf$1) refers to e63_usart1.o(.text) for fputc
    printf1.o(i.__0vprintf$1) refers to printf1.o(i._printf_core) for _printf_core
    printf1.o(i.__0vprintf$1) refers to e63_usart1.o(.text) for fputc
    printf1.o(i.__0vprintf$1) refers to stdout.o(.data) for __stdout
    printf1.o(i.__0vsnprintf$1) refers to printf1.o(i._printf_core) for _printf_core
    printf1.o(i.__0vsnprintf$1) refers to printf1.o(i._snputc) for _snputc
    printf1.o(i.__0vsprintf$1) refers to printf1.o(i._printf_core) for _printf_core
    printf1.o(i.__0vsprintf$1) refers to printf1.o(i._sputc) for _sputc
    printf1.o(i._printf_core) refers to uidiv.o(.text) for __aeabi_uidivmod
    printf2.o(i.__0fprintf$2) refers to printf2.o(i._printf_core) for _printf_core
    printf2.o(i.__0fprintf$2) refers to e63_usart1.o(.text) for fputc
    printf2.o(i.__0printf$2) refers to printf2.o(i._printf_core) for _printf_core
    printf2.o(i.__0printf$2) refers to e63_usart1.o(.text) for fputc
    printf2.o(i.__0printf$2) refers to stdout.o(.data) for __stdout
    printf2.o(i.__0snprintf$2) refers to printf2.o(i._printf_core) for _printf_core
    printf2.o(i.__0snprintf$2) refers to printf2.o(i._snputc) for _snputc
    printf2.o(i.__0sprintf$2) refers to printf2.o(i._printf_core) for _printf_core
    printf2.o(i.__0sprintf$2) refers to printf2.o(i._sputc) for _sputc
    printf2.o(i.__0vfprintf$2) refers to printf2.o(i._printf_core) for _printf_core
    printf2.o(i.__0vfprintf$2) refers to e63_usart1.o(.text) for fputc
    printf2.o(i.__0vprintf$2) refers to printf2.o(i._printf_core) for _printf_core
    printf2.o(i.__0vprintf$2) refers to e63_usart1.o(.text) for fputc
    printf2.o(i.__0vprintf$2) refers to stdout.o(.data) for __stdout
    printf2.o(i.__0vsnprintf$2) refers to printf2.o(i._printf_core) for _printf_core
    printf2.o(i.__0vsnprintf$2) refers to printf2.o(i._snputc) for _snputc
    printf2.o(i.__0vsprintf$2) refers to printf2.o(i._printf_core) for _printf_core
    printf2.o(i.__0vsprintf$2) refers to printf2.o(i._sputc) for _sputc
    printf3.o(i.__0fprintf$3) refers to printf3.o(i._printf_core) for _printf_core
    printf3.o(i.__0fprintf$3) refers to e63_usart1.o(.text) for fputc
    printf3.o(i.__0printf$3) refers to printf3.o(i._printf_core) for _printf_core
    printf3.o(i.__0printf$3) refers to e63_usart1.o(.text) for fputc
    printf3.o(i.__0printf$3) refers to stdout.o(.data) for __stdout
    printf3.o(i.__0snprintf$3) refers to printf3.o(i._printf_core) for _printf_core
    printf3.o(i.__0snprintf$3) refers to printf3.o(i._snputc) for _snputc
    printf3.o(i.__0sprintf$3) refers to printf3.o(i._printf_core) for _printf_core
    printf3.o(i.__0sprintf$3) refers to printf3.o(i._sputc) for _sputc
    printf3.o(i.__0vfprintf$3) refers to printf3.o(i._printf_core) for _printf_core
    printf3.o(i.__0vfprintf$3) refers to e63_usart1.o(.text) for fputc
    printf3.o(i.__0vprintf$3) refers to printf3.o(i._printf_core) for _printf_core
    printf3.o(i.__0vprintf$3) refers to e63_usart1.o(.text) for fputc
    printf3.o(i.__0vprintf$3) refers to stdout.o(.data) for __stdout
    printf3.o(i.__0vsnprintf$3) refers to printf3.o(i._printf_core) for _printf_core
    printf3.o(i.__0vsnprintf$3) refers to printf3.o(i._snputc) for _snputc
    printf3.o(i.__0vsprintf$3) refers to printf3.o(i._printf_core) for _printf_core
    printf3.o(i.__0vsprintf$3) refers to printf3.o(i._sputc) for _sputc
    printf3.o(i._printf_core) refers to uidiv.o(.text) for __aeabi_uidivmod
    printf4.o(i.__0fprintf$4) refers to printf4.o(i._printf_core) for _printf_core
    printf4.o(i.__0fprintf$4) refers to e63_usart1.o(.text) for fputc
    printf4.o(i.__0printf$4) refers to printf4.o(i._printf_core) for _printf_core
    printf4.o(i.__0printf$4) refers to e63_usart1.o(.text) for fputc
    printf4.o(i.__0printf$4) refers to stdout.o(.data) for __stdout
    printf4.o(i.__0snprintf$4) refers to printf4.o(i._printf_core) for _printf_core
    printf4.o(i.__0snprintf$4) refers to printf4.o(i._snputc) for _snputc
    printf4.o(i.__0sprintf$4) refers to printf4.o(i._printf_core) for _printf_core
    printf4.o(i.__0sprintf$4) refers to printf4.o(i._sputc) for _sputc
    printf4.o(i.__0vfprintf$4) refers to printf4.o(i._printf_core) for _printf_core
    printf4.o(i.__0vfprintf$4) refers to e63_usart1.o(.text) for fputc
    printf4.o(i.__0vprintf$4) refers to printf4.o(i._printf_core) for _printf_core
    printf4.o(i.__0vprintf$4) refers to e63_usart1.o(.text) for fputc
    printf4.o(i.__0vprintf$4) refers to stdout.o(.data) for __stdout
    printf4.o(i.__0vsnprintf$4) refers to printf4.o(i._printf_core) for _printf_core
    printf4.o(i.__0vsnprintf$4) refers to printf4.o(i._snputc) for _snputc
    printf4.o(i.__0vsprintf$4) refers to printf4.o(i._printf_core) for _printf_core
    printf4.o(i.__0vsprintf$4) refers to printf4.o(i._sputc) for _sputc
    printf4.o(i._printf_core) refers to uldiv.o(.text) for __aeabi_uldivmod
    printf5.o(i.__0fprintf$5) refers to printf5.o(i._printf_core) for _printf_core
    printf5.o(i.__0fprintf$5) refers to e63_usart1.o(.text) for fputc
    printf5.o(i.__0printf$5) refers to printf5.o(i._printf_core) for _printf_core
    printf5.o(i.__0printf$5) refers to e63_usart1.o(.text) for fputc
    printf5.o(i.__0printf$5) refers to stdout.o(.data) for __stdout
    printf5.o(i.__0snprintf$5) refers to printf5.o(i._printf_core) for _printf_core
    printf5.o(i.__0snprintf$5) refers to printf5.o(i._snputc) for _snputc
    printf5.o(i.__0sprintf$5) refers to printf5.o(i._printf_core) for _printf_core
    printf5.o(i.__0sprintf$5) refers to printf5.o(i._sputc) for _sputc
    printf5.o(i.__0vfprintf$5) refers to printf5.o(i._printf_core) for _printf_core
    printf5.o(i.__0vfprintf$5) refers to e63_usart1.o(.text) for fputc
    printf5.o(i.__0vprintf$5) refers to printf5.o(i._printf_core) for _printf_core
    printf5.o(i.__0vprintf$5) refers to e63_usart1.o(.text) for fputc
    printf5.o(i.__0vprintf$5) refers to stdout.o(.data) for __stdout
    printf5.o(i.__0vsnprintf$5) refers to printf5.o(i._printf_core) for _printf_core
    printf5.o(i.__0vsnprintf$5) refers to printf5.o(i._snputc) for _snputc
    printf5.o(i.__0vsprintf$5) refers to printf5.o(i._printf_core) for _printf_core
    printf5.o(i.__0vsprintf$5) refers to printf5.o(i._sputc) for _sputc
    printf5.o(i._printf_core) refers to uldiv.o(.text) for __aeabi_uldivmod
    printf6.o(i.__0fprintf$6) refers to printf6.o(i._printf_core) for _printf_core
    printf6.o(i.__0fprintf$6) refers to e63_usart1.o(.text) for fputc
    printf6.o(i.__0printf$6) refers to printf6.o(i._printf_core) for _printf_core
    printf6.o(i.__0printf$6) refers to e63_usart1.o(.text) for fputc
    printf6.o(i.__0printf$6) refers to stdout.o(.data) for __stdout
    printf6.o(i.__0snprintf$6) refers to printf6.o(i._printf_core) for _printf_core
    printf6.o(i.__0snprintf$6) refers to printf6.o(i._snputc) for _snputc
    printf6.o(i.__0sprintf$6) refers to printf6.o(i._printf_core) for _printf_core
    printf6.o(i.__0sprintf$6) refers to printf6.o(i._sputc) for _sputc
    printf6.o(i.__0vfprintf$6) refers to printf6.o(i._printf_core) for _printf_core
    printf6.o(i.__0vfprintf$6) refers to e63_usart1.o(.text) for fputc
    printf6.o(i.__0vprintf$6) refers to printf6.o(i._printf_core) for _printf_core
    printf6.o(i.__0vprintf$6) refers to e63_usart1.o(.text) for fputc
    printf6.o(i.__0vprintf$6) refers to stdout.o(.data) for __stdout
    printf6.o(i.__0vsnprintf$6) refers to printf6.o(i._printf_core) for _printf_core
    printf6.o(i.__0vsnprintf$6) refers to printf6.o(i._snputc) for _snputc
    printf6.o(i.__0vsprintf$6) refers to printf6.o(i._printf_core) for _printf_core
    printf6.o(i.__0vsprintf$6) refers to printf6.o(i._sputc) for _sputc
    printf6.o(i._printf_core) refers to printf6.o(i._printf_pre_padding) for _printf_pre_padding
    printf6.o(i._printf_core) refers to uidiv.o(.text) for __aeabi_uidivmod
    printf6.o(i._printf_core) refers to printf6.o(i._printf_post_padding) for _printf_post_padding
    printf7.o(i.__0fprintf$7) refers to printf7.o(i._printf_core) for _printf_core
    printf7.o(i.__0fprintf$7) refers to e63_usart1.o(.text) for fputc
    printf7.o(i.__0printf$7) refers to printf7.o(i._printf_core) for _printf_core
    printf7.o(i.__0printf$7) refers to e63_usart1.o(.text) for fputc
    printf7.o(i.__0printf$7) refers to stdout.o(.data) for __stdout
    printf7.o(i.__0snprintf$7) refers to printf7.o(i._printf_core) for _printf_core
    printf7.o(i.__0snprintf$7) refers to printf7.o(i._snputc) for _snputc
    printf7.o(i.__0sprintf$7) refers to printf7.o(i._printf_core) for _printf_core
    printf7.o(i.__0sprintf$7) refers to printf7.o(i._sputc) for _sputc
    printf7.o(i.__0vfprintf$7) refers to printf7.o(i._printf_core) for _printf_core
    printf7.o(i.__0vfprintf$7) refers to e63_usart1.o(.text) for fputc
    printf7.o(i.__0vprintf$7) refers to printf7.o(i._printf_core) for _printf_core
    printf7.o(i.__0vprintf$7) refers to e63_usart1.o(.text) for fputc
    printf7.o(i.__0vprintf$7) refers to stdout.o(.data) for __stdout
    printf7.o(i.__0vsnprintf$7) refers to printf7.o(i._printf_core) for _printf_core
    printf7.o(i.__0vsnprintf$7) refers to printf7.o(i._snputc) for _snputc
    printf7.o(i.__0vsprintf$7) refers to printf7.o(i._printf_core) for _printf_core
    printf7.o(i.__0vsprintf$7) refers to printf7.o(i._sputc) for _sputc
    printf7.o(i._printf_core) refers to printf7.o(i._printf_pre_padding) for _printf_pre_padding
    printf7.o(i._printf_core) refers to uldiv.o(.text) for __aeabi_uldivmod
    printf7.o(i._printf_core) refers to printf7.o(i._printf_post_padding) for _printf_post_padding
    printf8.o(i.__0fprintf$8) refers to printf8.o(i._printf_core) for _printf_core
    printf8.o(i.__0fprintf$8) refers to e63_usart1.o(.text) for fputc
    printf8.o(i.__0printf$8) refers to printf8.o(i._printf_core) for _printf_core
    printf8.o(i.__0printf$8) refers to e63_usart1.o(.text) for fputc
    printf8.o(i.__0printf$8) refers to stdout.o(.data) for __stdout
    printf8.o(i.__0snprintf$8) refers to printf8.o(i._printf_core) for _printf_core
    printf8.o(i.__0snprintf$8) refers to printf8.o(i._snputc) for _snputc
    printf8.o(i.__0sprintf$8) refers to printf8.o(i._printf_core) for _printf_core
    printf8.o(i.__0sprintf$8) refers to printf8.o(i._sputc) for _sputc
    printf8.o(i.__0vfprintf$8) refers to printf8.o(i._printf_core) for _printf_core
    printf8.o(i.__0vfprintf$8) refers to e63_usart1.o(.text) for fputc
    printf8.o(i.__0vprintf$8) refers to printf8.o(i._printf_core) for _printf_core
    printf8.o(i.__0vprintf$8) refers to e63_usart1.o(.text) for fputc
    printf8.o(i.__0vprintf$8) refers to stdout.o(.data) for __stdout
    printf8.o(i.__0vsnprintf$8) refers to printf8.o(i._printf_core) for _printf_core
    printf8.o(i.__0vsnprintf$8) refers to printf8.o(i._snputc) for _snputc
    printf8.o(i.__0vsprintf$8) refers to printf8.o(i._printf_core) for _printf_core
    printf8.o(i.__0vsprintf$8) refers to printf8.o(i._sputc) for _sputc
    printf8.o(i._printf_core) refers to printf8.o(i._printf_pre_padding) for _printf_pre_padding
    printf8.o(i._printf_core) refers to uldiv.o(.text) for __aeabi_uldivmod
    printf8.o(i._printf_core) refers to printf8.o(i._printf_post_padding) for _printf_post_padding
    printfa.o(i.__0fprintf) refers (Special) to iusefp.o(.text) for __I$use$fp
    printfa.o(i.__0fprintf) refers to printfa.o(i._printf_core) for _printf_core
    printfa.o(i.__0fprintf) refers to e63_usart1.o(.text) for fputc
    printfa.o(i.__0printf) refers (Special) to iusefp.o(.text) for __I$use$fp
    printfa.o(i.__0printf) refers to printfa.o(i._printf_core) for _printf_core
    printfa.o(i.__0printf) refers to e63_usart1.o(.text) for fputc
    printfa.o(i.__0printf) refers to stdout.o(.data) for __stdout
    printfa.o(i.__0snprintf) refers (Special) to iusefp.o(.text) for __I$use$fp
    printfa.o(i.__0snprintf) refers to printfa.o(i._printf_core) for _printf_core
    printfa.o(i.__0snprintf) refers to printfa.o(i._snputc) for _snputc
    printfa.o(i.__0sprintf) refers (Special) to iusefp.o(.text) for __I$use$fp
    printfa.o(i.__0sprintf) refers to printfa.o(i._printf_core) for _printf_core
    printfa.o(i.__0sprintf) refers to printfa.o(i._sputc) for _sputc
    printfa.o(i.__0vfprintf) refers (Special) to iusefp.o(.text) for __I$use$fp
    printfa.o(i.__0vfprintf) refers to printfa.o(i._printf_core) for _printf_core
    printfa.o(i.__0vfprintf) refers to e63_usart1.o(.text) for fputc
    printfa.o(i.__0vprintf) refers (Special) to iusefp.o(.text) for __I$use$fp
    printfa.o(i.__0vprintf) refers to printfa.o(i._printf_core) for _printf_core
    printfa.o(i.__0vprintf) refers to e63_usart1.o(.text) for fputc
    printfa.o(i.__0vprintf) refers to stdout.o(.data) for __stdout
    printfa.o(i.__0vsnprintf) refers (Special) to iusefp.o(.text) for __I$use$fp
    printfa.o(i.__0vsnprintf) refers to printfa.o(i._printf_core) for _printf_core
    printfa.o(i.__0vsnprintf) refers to printfa.o(i._snputc) for _snputc
    printfa.o(i.__0vsprintf) refers (Special) to iusefp.o(.text) for __I$use$fp
    printfa.o(i.__0vsprintf) refers to printfa.o(i._printf_core) for _printf_core
    printfa.o(i.__0vsprintf) refers to printfa.o(i._sputc) for _sputc
    printfa.o(i._fp_digits) refers (Special) to iusefp.o(.text) for __I$use$fp
    printfa.o(i._fp_digits) refers to dmul.o(.text) for __aeabi_dmul
    printfa.o(i._fp_digits) refers to ddiv.o(.text) for __aeabi_ddiv
    printfa.o(i._fp_digits) refers to cdrcmple.o(.text) for __aeabi_cdrcmple
    printfa.o(i._fp_digits) refers to dadd.o(.text) for __aeabi_dadd
    printfa.o(i._fp_digits) refers to dfixul.o(.text) for __aeabi_d2ulz
    printfa.o(i._fp_digits) refers to uldiv.o(.text) for __aeabi_uldivmod
    printfa.o(i._printf_core) refers (Special) to iusefp.o(.text) for __I$use$fp
    printfa.o(i._printf_core) refers to printfa.o(i._printf_pre_padding) for _printf_pre_padding
    printfa.o(i._printf_core) refers to uldiv.o(.text) for __aeabi_uldivmod
    printfa.o(i._printf_core) refers to printfa.o(i._printf_post_padding) for _printf_post_padding
    printfa.o(i._printf_core) refers to printfa.o(i._fp_digits) for _fp_digits
    printfa.o(i._printf_core) refers to uidiv.o(.text) for __aeabi_uidivmod
    printfa.o(i._printf_post_padding) refers (Special) to iusefp.o(.text) for __I$use$fp
    printfa.o(i._printf_pre_padding) refers (Special) to iusefp.o(.text) for __I$use$fp
    printfa.o(i._snputc) refers (Special) to iusefp.o(.text) for __I$use$fp
    printfa.o(i._sputc) refers (Special) to iusefp.o(.text) for __I$use$fp
    dadd.o(.text) refers (Special) to iusefp.o(.text) for __I$use$fp
    dadd.o(.text) refers to llshl.o(.text) for __aeabi_llsl
    dadd.o(.text) refers to llsshr.o(.text) for __aeabi_lasr
    dadd.o(.text) refers to depilogue.o(.text) for _double_epilogue
    dmul.o(.text) refers (Special) to iusefp.o(.text) for __I$use$fp
    dmul.o(.text) refers to depilogue.o(.text) for _double_epilogue
    dflti.o(.text) refers (Special) to iusefp.o(.text) for __I$use$fp
    dflti.o(.text) refers to depilogue.o(.text) for _double_epilogue
    dfixi.o(.text) refers (Special) to iusefp.o(.text) for __I$use$fp
    dfixi.o(.text) refers to llushr.o(.text) for __aeabi_llsr
    entry2.o(.ARM.Collect$$$$00000001) refers to entry2.o(.ARM.Collect$$$$00002712) for __lit__00000000
    entry2.o(.ARM.Collect$$$$00002712) refers to startup_stm32f10x_md.o(STACK) for __initial_sp
    entry2.o(__vectab_stack_and_reset_area) refers to startup_stm32f10x_md.o(STACK) for __initial_sp
    entry2.o(__vectab_stack_and_reset_area) refers to entry.o(.ARM.Collect$$$$00000000) for __main
    entry5.o(.ARM.Collect$$$$00000004) refers to init.o(.text) for __scatterload
    entry9a.o(.ARM.Collect$$$$0000000B) refers to main.o(.text) for main
    entry9b.o(.ARM.Collect$$$$0000000C) refers to main.o(.text) for main
    uldiv.o(.text) refers to llushr.o(.text) for __aeabi_llsr
    uldiv.o(.text) refers to llshl.o(.text) for __aeabi_llsl
    depilogue.o(.text) refers to llshl.o(.text) for __aeabi_llsl
    depilogue.o(.text) refers to llushr.o(.text) for __aeabi_llsr
    ddiv.o(.text) refers to depilogue.o(.text) for _double_round
    dfixul.o(.text) refers to llushr.o(.text) for __aeabi_llsr
    dfixul.o(.text) refers to llshl.o(.text) for __aeabi_llsl
    init.o(.text) refers to entry5.o(.ARM.Collect$$$$00000004) for __main_after_scatterload


==============================================================================

Removing Unused input sections from the image.

    Removing led.o(.text), (164 bytes).
    Removing key.o(.text), (120 bytes).
    Removing lightsensor.o(.text), (68 bytes).
    Removing lightsensor.o(.data), (4 bytes).
    Removing ledpwm.o(.text), (184 bytes).
    Removing rotaryencoder.o(.text), (148 bytes).
    Removing rotaryencoder.o(.data), (6 bytes).
    Removing stm32f10x_adc.o(.text), (1102 bytes).
    Removing stm32f10x_bkp.o(.text), (196 bytes).
    Removing stm32f10x_cec.o(.text), (288 bytes).
    Removing stm32f10x_crc.o(.text), (72 bytes).
    Removing stm32f10x_dac.o(.text), (396 bytes).
    Removing stm32f10x_dbgmcu.o(.text), (48 bytes).
    Removing stm32f10x_flash.o(.text), (1468 bytes).
    Removing stm32f10x_fsmc.o(.text), (1548 bytes).
    Removing stm32f10x_i2c.o(.text), (1028 bytes).
    Removing stm32f10x_iwdg.o(.text), (64 bytes).
    Removing stm32f10x_pwr.o(.text), (204 bytes).
    Removing stm32f10x_rtc.o(.text), (328 bytes).
    Removing stm32f10x_sdio.o(.text), (468 bytes).
    Removing stm32f10x_spi.o(.text), (780 bytes).
    Removing stm32f10x_wwdg.o(.text), (136 bytes).
    Removing core_cm3.o(.emb_text), (32 bytes).
    Removing startup_stm32f10x_md.o(HEAP), (512 bytes).
    Removing ddiv.o(.text), (222 bytes).
    Removing dfixul.o(.text), (48 bytes).
    Removing cdrcmple.o(.text), (40 bytes).

27 unused section(s) (total 9674 bytes) removed from the image.

==============================================================================

Image Symbol Table

    Local Symbols

    Symbol Name                              Value     Ov Type        Size  Object(Section)

    ../clib/microlib/division.c              0x00000000   Number         0  uidiv.o ABSOLUTE
    ../clib/microlib/division.c              0x00000000   Number         0  uldiv.o ABSOLUTE
    ../clib/microlib/init/entry.s            0x00000000   Number         0  entry11a.o ABSOLUTE
    ../clib/microlib/init/entry.s            0x00000000   Number         0  entry7b.o ABSOLUTE
    ../clib/microlib/init/entry.s            0x00000000   Number         0  entry8a.o ABSOLUTE
    ../clib/microlib/init/entry.s            0x00000000   Number         0  entry8b.o ABSOLUTE
    ../clib/microlib/init/entry.s            0x00000000   Number         0  entry2.o ABSOLUTE
    ../clib/microlib/init/entry.s            0x00000000   Number         0  entry.o ABSOLUTE
    ../clib/microlib/init/entry.s            0x00000000   Number         0  entry9a.o ABSOLUTE
    ../clib/microlib/init/entry.s            0x00000000   Number         0  entry9b.o ABSOLUTE
    ../clib/microlib/init/entry.s            0x00000000   Number         0  entry10a.o ABSOLUTE
    ../clib/microlib/init/entry.s            0x00000000   Number         0  entry10b.o ABSOLUTE
    ../clib/microlib/init/entry.s            0x00000000   Number         0  entry11b.o ABSOLUTE
    ../clib/microlib/init/entry.s            0x00000000   Number         0  entry7a.o ABSOLUTE
    ../clib/microlib/init/entry.s            0x00000000   Number         0  entry5.o ABSOLUTE
    ../clib/microlib/longlong.c              0x00000000   Number         0  llsshr.o ABSOLUTE
    ../clib/microlib/longlong.c              0x00000000   Number         0  llushr.o ABSOLUTE
    ../clib/microlib/longlong.c              0x00000000   Number         0  llshl.o ABSOLUTE
    ../clib/microlib/printf/printf.c         0x00000000   Number         0  printf3.o ABSOLUTE
    ../clib/microlib/printf/printf.c         0x00000000   Number         0  printf5.o ABSOLUTE
    ../clib/microlib/printf/printf.c         0x00000000   Number         0  printf6.o ABSOLUTE
    ../clib/microlib/printf/printf.c         0x00000000   Number         0  printf7.o ABSOLUTE
    ../clib/microlib/printf/printf.c         0x00000000   Number         0  printf0.o ABSOLUTE
    ../clib/microlib/printf/printf.c         0x00000000   Number         0  printf4.o ABSOLUTE
    ../clib/microlib/printf/printf.c         0x00000000   Number         0  printfb.o ABSOLUTE
    ../clib/microlib/printf/printf.c         0x00000000   Number         0  printf8.o ABSOLUTE
    ../clib/microlib/printf/printf.c         0x00000000   Number         0  printfa.o ABSOLUTE
    ../clib/microlib/printf/printf.c         0x00000000   Number         0  printf1.o ABSOLUTE
    ../clib/microlib/printf/printf.c         0x00000000   Number         0  printf2.o ABSOLUTE
    ../clib/microlib/printf/stubs.s          0x00000000   Number         0  stubs.o ABSOLUTE
    ../clib/microlib/stdio/streams.c         0x00000000   Number         0  stdout.o ABSOLUTE
    ../clib/microlib/string/memset.c         0x00000000   Number         0  memseta.o ABSOLUTE
    ../clib/microlib/string/strcmp.c         0x00000000   Number         0  strcmp.o ABSOLUTE
    ../clib/microlib/string/strcpy.c         0x00000000   Number         0  strcpy.o ABSOLUTE
    ../clib/microlib/stubs.s                 0x00000000   Number         0  iusefp.o ABSOLUTE
    ../fplib/microlib/fpadd.c                0x00000000   Number         0  dadd.o ABSOLUTE
    ../fplib/microlib/fpdiv.c                0x00000000   Number         0  ddiv.o ABSOLUTE
    ../fplib/microlib/fpepilogue.c           0x00000000   Number         0  depilogue.o ABSOLUTE
    ../fplib/microlib/fpfix.c                0x00000000   Number         0  dfixi.o ABSOLUTE
    ../fplib/microlib/fpfix.c                0x00000000   Number         0  dfixul.o ABSOLUTE
    ../fplib/microlib/fpflt.c                0x00000000   Number         0  dflti.o ABSOLUTE
    ../fplib/microlib/fpmul.c                0x00000000   Number         0  dmul.o ABSOLUTE
    ..\Hardware\E63_CAN.c                    0x00000000   Number         0  e63_can.o ABSOLUTE
    ..\Hardware\E63_USART1.c                 0x00000000   Number         0  e63_usart1.o ABSOLUTE
    ..\Hardware\Key.c                        0x00000000   Number         0  key.o ABSOLUTE
    ..\Hardware\LED.c                        0x00000000   Number         0  led.o ABSOLUTE
    ..\Hardware\LEDPWM.c                     0x00000000   Number         0  ledpwm.o ABSOLUTE
    ..\Hardware\LightSensor.c                0x00000000   Number         0  lightsensor.o ABSOLUTE
    ..\Hardware\OLED.c                       0x00000000   Number         0  oled.o ABSOLUTE
    ..\Hardware\RotaryEncoder.c              0x00000000   Number         0  rotaryencoder.o ABSOLUTE
    ..\Hardware\TimRecTigger.c               0x00000000   Number         0  timrectigger.o ABSOLUTE
    ..\Libraries\CMSIS\CM3\CoreSupport\core_cm3.c 0x00000000   Number         0  core_cm3.o ABSOLUTE
    ..\Libraries\CMSIS\CM3\DeviceSupport\ST\STM32F10x\startup\arm\startup_stm32f10x_md.s 0x00000000   Number         0  startup_stm32f10x_md.o ABSOLUTE
    ..\Libraries\CMSIS\CM3\DeviceSupport\ST\STM32F10x\system_stm32f10x.c 0x00000000   Number         0  system_stm32f10x.o ABSOLUTE
    ..\Libraries\STM32F10x_StdPeriph_Driver\src\misc.c 0x00000000   Number         0  misc.o ABSOLUTE
    ..\Libraries\STM32F10x_StdPeriph_Driver\src\stm32f10x_adc.c 0x00000000   Number         0  stm32f10x_adc.o ABSOLUTE
    ..\Libraries\STM32F10x_StdPeriph_Driver\src\stm32f10x_bkp.c 0x00000000   Number         0  stm32f10x_bkp.o ABSOLUTE
    ..\Libraries\STM32F10x_StdPeriph_Driver\src\stm32f10x_can.c 0x00000000   Number         0  stm32f10x_can.o ABSOLUTE
    ..\Libraries\STM32F10x_StdPeriph_Driver\src\stm32f10x_cec.c 0x00000000   Number         0  stm32f10x_cec.o ABSOLUTE
    ..\Libraries\STM32F10x_StdPeriph_Driver\src\stm32f10x_crc.c 0x00000000   Number         0  stm32f10x_crc.o ABSOLUTE
    ..\Libraries\STM32F10x_StdPeriph_Driver\src\stm32f10x_dac.c 0x00000000   Number         0  stm32f10x_dac.o ABSOLUTE
    ..\Libraries\STM32F10x_StdPeriph_Driver\src\stm32f10x_dbgmcu.c 0x00000000   Number         0  stm32f10x_dbgmcu.o ABSOLUTE
    ..\Libraries\STM32F10x_StdPeriph_Driver\src\stm32f10x_dma.c 0x00000000   Number         0  stm32f10x_dma.o ABSOLUTE
    ..\Libraries\STM32F10x_StdPeriph_Driver\src\stm32f10x_exti.c 0x00000000   Number         0  stm32f10x_exti.o ABSOLUTE
    ..\Libraries\STM32F10x_StdPeriph_Driver\src\stm32f10x_flash.c 0x00000000   Number         0  stm32f10x_flash.o ABSOLUTE
    ..\Libraries\STM32F10x_StdPeriph_Driver\src\stm32f10x_fsmc.c 0x00000000   Number         0  stm32f10x_fsmc.o ABSOLUTE
    ..\Libraries\STM32F10x_StdPeriph_Driver\src\stm32f10x_gpio.c 0x00000000   Number         0  stm32f10x_gpio.o ABSOLUTE
    ..\Libraries\STM32F10x_StdPeriph_Driver\src\stm32f10x_i2c.c 0x00000000   Number         0  stm32f10x_i2c.o ABSOLUTE
    ..\Libraries\STM32F10x_StdPeriph_Driver\src\stm32f10x_iwdg.c 0x00000000   Number         0  stm32f10x_iwdg.o ABSOLUTE
    ..\Libraries\STM32F10x_StdPeriph_Driver\src\stm32f10x_pwr.c 0x00000000   Number         0  stm32f10x_pwr.o ABSOLUTE
    ..\Libraries\STM32F10x_StdPeriph_Driver\src\stm32f10x_rcc.c 0x00000000   Number         0  stm32f10x_rcc.o ABSOLUTE
    ..\Libraries\STM32F10x_StdPeriph_Driver\src\stm32f10x_rtc.c 0x00000000   Number         0  stm32f10x_rtc.o ABSOLUTE
    ..\Libraries\STM32F10x_StdPeriph_Driver\src\stm32f10x_sdio.c 0x00000000   Number         0  stm32f10x_sdio.o ABSOLUTE
    ..\Libraries\STM32F10x_StdPeriph_Driver\src\stm32f10x_spi.c 0x00000000   Number         0  stm32f10x_spi.o ABSOLUTE
    ..\Libraries\STM32F10x_StdPeriph_Driver\src\stm32f10x_tim.c 0x00000000   Number         0  stm32f10x_tim.o ABSOLUTE
    ..\Libraries\STM32F10x_StdPeriph_Driver\src\stm32f10x_usart.c 0x00000000   Number         0  stm32f10x_usart.o ABSOLUTE
    ..\Libraries\STM32F10x_StdPeriph_Driver\src\stm32f10x_wwdg.c 0x00000000   Number         0  stm32f10x_wwdg.o ABSOLUTE
    ..\System\Delay.c                        0x00000000   Number         0  delay.o ABSOLUTE
    ..\System\Timer.c                        0x00000000   Number         0  timer.o ABSOLUTE
    ..\User\main.c                           0x00000000   Number         0  main.o ABSOLUTE
    ..\User\stm32f10x_it.c                   0x00000000   Number         0  stm32f10x_it.o ABSOLUTE
    ..\\Libraries\\CMSIS\\CM3\\CoreSupport\\core_cm3.c 0x00000000   Number         0  core_cm3.o ABSOLUTE
    cdrcmple.s                               0x00000000   Number         0  cdrcmple.o ABSOLUTE
    dc.s                                     0x00000000   Number         0  dc.o ABSOLUTE
    handlers.s                               0x00000000   Number         0  handlers.o ABSOLUTE
    init.s                                   0x00000000   Number         0  init.o ABSOLUTE
    RESET                                    0x08000000   Section      236  startup_stm32f10x_md.o(RESET)
    .ARM.Collect$$$$00000000                 0x080000ec   Section        0  entry.o(.ARM.Collect$$$$00000000)
    .ARM.Collect$$$$00000001                 0x080000ec   Section        4  entry2.o(.ARM.Collect$$$$00000001)
    .ARM.Collect$$$$00000004                 0x080000f0   Section        4  entry5.o(.ARM.Collect$$$$00000004)
    .ARM.Collect$$$$00000008                 0x080000f4   Section        0  entry7b.o(.ARM.Collect$$$$00000008)
    .ARM.Collect$$$$0000000A                 0x080000f4   Section        0  entry8b.o(.ARM.Collect$$$$0000000A)
    .ARM.Collect$$$$0000000B                 0x080000f4   Section        8  entry9a.o(.ARM.Collect$$$$0000000B)
    .ARM.Collect$$$$0000000D                 0x080000fc   Section        0  entry10a.o(.ARM.Collect$$$$0000000D)
    .ARM.Collect$$$$0000000F                 0x080000fc   Section        0  entry11a.o(.ARM.Collect$$$$0000000F)
    .ARM.Collect$$$$00002712                 0x080000fc   Section        4  entry2.o(.ARM.Collect$$$$00002712)
    __lit__00000000                          0x080000fc   Data           4  entry2.o(.ARM.Collect$$$$00002712)
    .text                                    0x08000100   Section        0  main.o(.text)
    .text                                    0x0800095c   Section        0  stm32f10x_it.o(.text)
    .text                                    0x08000978   Section        0  oled.o(.text)
    .text                                    0x08000d90   Section        0  e63_can.o(.text)
    .text                                    0x08001078   Section        0  e63_usart1.o(.text)
    .text                                    0x080028cc   Section        0  timrectigger.o(.text)
    .text                                    0x08002cb0   Section        0  delay.o(.text)
    .text                                    0x08002d10   Section        0  timer.o(.text)
    .text                                    0x08002dbc   Section        0  misc.o(.text)
    .text                                    0x08002e98   Section        0  stm32f10x_can.o(.text)
    CheckITStatus                            0x0800369b   Thumb Code    18  stm32f10x_can.o(.text)
    .text                                    0x08003888   Section        0  stm32f10x_dma.o(.text)
    .text                                    0x08003adc   Section        0  stm32f10x_exti.o(.text)
    .text                                    0x08003bf8   Section        0  stm32f10x_gpio.o(.text)
    .text                                    0x08003f54   Section        0  stm32f10x_rcc.o(.text)
    .text                                    0x080042f8   Section        0  stm32f10x_tim.o(.text)
    TI4_Config                               0x0800479f   Thumb Code   130  stm32f10x_tim.o(.text)
    TI3_Config                               0x08004833   Thumb Code   122  stm32f10x_tim.o(.text)
    TI2_Config                               0x080048c7   Thumb Code   130  stm32f10x_tim.o(.text)
    TI1_Config                               0x0800495b   Thumb Code   108  stm32f10x_tim.o(.text)
    .text                                    0x08005114   Section        0  stm32f10x_usart.o(.text)
    .text                                    0x0800551c   Section        0  system_stm32f10x.o(.text)
    SetSysClockTo72                          0x0800551d   Thumb Code   214  system_stm32f10x.o(.text)
    SetSysClock                              0x080055f3   Thumb Code     8  system_stm32f10x.o(.text)
    .text                                    0x080056fc   Section       36  startup_stm32f10x_md.o(.text)
    .text                                    0x08005720   Section        0  memseta.o(.text)
    .text                                    0x08005744   Section        0  strcmp.o(.text)
    .text                                    0x08005760   Section        0  strcpy.o(.text)
    .text                                    0x08005772   Section        0  dadd.o(.text)
    .text                                    0x080058c0   Section        0  dmul.o(.text)
    .text                                    0x080059a4   Section        0  dflti.o(.text)
    .text                                    0x080059c6   Section        0  dfixi.o(.text)
    .text                                    0x08005a04   Section        0  llshl.o(.text)
    .text                                    0x08005a22   Section        0  llushr.o(.text)
    .text                                    0x08005a42   Section        0  llsshr.o(.text)
    .text                                    0x08005a66   Section        0  iusefp.o(.text)
    .text                                    0x08005a66   Section        0  depilogue.o(.text)
    .text                                    0x08005b1c   Section       36  init.o(.text)
    i.__0printf$2                            0x08005b40   Section        0  printf2.o(i.__0printf$2)
    i.__scatterload_copy                     0x08005b60   Section       14  handlers.o(i.__scatterload_copy)
    i.__scatterload_null                     0x08005b6e   Section        2  handlers.o(i.__scatterload_null)
    i.__scatterload_zeroinit                 0x08005b70   Section       14  handlers.o(i.__scatterload_zeroinit)
    i._printf_core                           0x08005b7e   Section        0  printf2.o(i._printf_core)
    _printf_core                             0x08005b7f   Thumb Code   214  printf2.o(i._printf_core)
    .constdata                               0x08005c54   Section     1520  oled.o(.constdata)
    .data                                    0x20000000   Section       90  main.o(.data)
    .data                                    0x2000005c   Section        4  e63_usart1.o(.data)
    Trf_CallingTimes                         0x2000005c   Data           4  e63_usart1.o(.data)
    .data                                    0x20000060   Section        8  timrectigger.o(.data)
    .data                                    0x20000068   Section        8  timer.o(.data)
    .data                                    0x20000070   Section       20  stm32f10x_rcc.o(.data)
    APBAHBPrescTable                         0x20000070   Data          16  stm32f10x_rcc.o(.data)
    ADCPrescTable                            0x20000080   Data           4  stm32f10x_rcc.o(.data)
    .data                                    0x20000084   Section       20  system_stm32f10x.o(.data)
    .data                                    0x20000098   Section        4  stdout.o(.data)
    .bss                                     0x2000009c   Section      136  main.o(.bss)
    .bss                                     0x20000124   Section      200  e63_usart1.o(.bss)
    ptr                                      0x20000124   Data         200  e63_usart1.o(.bss)
    STACK                                    0x200001f0   Section     1024  startup_stm32f10x_md.o(STACK)

    Global Symbols

    Symbol Name                              Value     Ov Type        Size  Object(Section)

    BuildAttributes$$THM_ISAv4$P$D$K$B$S$PE$A:L22UL41UL21$X:L11$S22US41US21$IEEE1$IW$USESV6$~STKCKD$USESV7$~SHL$OSPACE$ROPI$EBA8$MICROLIB$REQ8$PRES8$EABIv2 0x00000000   Number         0  anon$$obj.o ABSOLUTE
    __ARM_use_no_argv                        0x00000000   Number         0  main.o ABSOLUTE
    _printf_a                                0x00000000   Number         0  stubs.o ABSOLUTE
    _printf_c                                0x00000000   Number         0  stubs.o ABSOLUTE
    _printf_charcount                        0x00000000   Number         0  stubs.o ABSOLUTE
    _printf_d                                0x00000000   Number         0  stubs.o ABSOLUTE
    _printf_e                                0x00000000   Number         0  stubs.o ABSOLUTE
    _printf_f                                0x00000000   Number         0  stubs.o ABSOLUTE
    _printf_flags                            0x00000000   Number         0  stubs.o ABSOLUTE
    _printf_fp_dec                           0x00000000   Number         0  stubs.o ABSOLUTE
    _printf_fp_hex                           0x00000000   Number         0  stubs.o ABSOLUTE
    _printf_g                                0x00000000   Number         0  stubs.o ABSOLUTE
    _printf_i                                0x00000000   Number         0  stubs.o ABSOLUTE
    _printf_int_dec                          0x00000000   Number         0  stubs.o ABSOLUTE
    _printf_l                                0x00000000   Number         0  stubs.o ABSOLUTE
    _printf_lc                               0x00000000   Number         0  stubs.o ABSOLUTE
    _printf_ll                               0x00000000   Number         0  stubs.o ABSOLUTE
    _printf_lld                              0x00000000   Number         0  stubs.o ABSOLUTE
    _printf_lli                              0x00000000   Number         0  stubs.o ABSOLUTE
    _printf_llo                              0x00000000   Number         0  stubs.o ABSOLUTE
    _printf_llu                              0x00000000   Number         0  stubs.o ABSOLUTE
    _printf_llx                              0x00000000   Number         0  stubs.o ABSOLUTE
    _printf_longlong_dec                     0x00000000   Number         0  stubs.o ABSOLUTE
    _printf_longlong_hex                     0x00000000   Number         0  stubs.o ABSOLUTE
    _printf_longlong_oct                     0x00000000   Number         0  stubs.o ABSOLUTE
    _printf_ls                               0x00000000   Number         0  stubs.o ABSOLUTE
    _printf_mbtowc                           0x00000000   Number         0  stubs.o ABSOLUTE
    _printf_n                                0x00000000   Number         0  stubs.o ABSOLUTE
    _printf_o                                0x00000000   Number         0  stubs.o ABSOLUTE
    _printf_p                                0x00000000   Number         0  stubs.o ABSOLUTE
    _printf_percent                          0x00000000   Number         0  stubs.o ABSOLUTE
    _printf_pre_padding                      0x00000000   Number         0  stubs.o ABSOLUTE
    _printf_return_value                     0x00000000   Number         0  stubs.o ABSOLUTE
    _printf_s                                0x00000000   Number         0  stubs.o ABSOLUTE
    _printf_sizespec                         0x00000000   Number         0  stubs.o ABSOLUTE
    _printf_str                              0x00000000   Number         0  stubs.o ABSOLUTE
    _printf_truncate_signed                  0x00000000   Number         0  stubs.o ABSOLUTE
    _printf_truncate_unsigned                0x00000000   Number         0  stubs.o ABSOLUTE
    _printf_u                                0x00000000   Number         0  stubs.o ABSOLUTE
    _printf_wc                               0x00000000   Number         0  stubs.o ABSOLUTE
    _printf_wctomb                           0x00000000   Number         0  stubs.o ABSOLUTE
    _printf_widthprec                        0x00000000   Number         0  stubs.o ABSOLUTE
    _printf_x                                0x00000000   Number         0  stubs.o ABSOLUTE
    __cpp_initialize__aeabi_                  - Undefined Weak Reference
    __cxa_finalize                            - Undefined Weak Reference
    __decompress                              - Undefined Weak Reference
    _clock_init                               - Undefined Weak Reference
    _microlib_exit                            - Undefined Weak Reference
    __Vectors_Size                           0x000000ec   Number         0  startup_stm32f10x_md.o ABSOLUTE
    __Vectors                                0x08000000   Data           4  startup_stm32f10x_md.o(RESET)
    __Vectors_End                            0x080000ec   Data           0  startup_stm32f10x_md.o(RESET)
    __main                                   0x080000ed   Thumb Code     0  entry.o(.ARM.Collect$$$$00000000)
    _main_stk                                0x080000ed   Thumb Code     0  entry2.o(.ARM.Collect$$$$00000001)
    _main_scatterload                        0x080000f1   Thumb Code     0  entry5.o(.ARM.Collect$$$$00000004)
    __main_after_scatterload                 0x080000f5   Thumb Code     0  entry5.o(.ARM.Collect$$$$00000004)
    _main_clock                              0x080000f5   Thumb Code     0  entry7b.o(.ARM.Collect$$$$00000008)
    _main_cpp_init                           0x080000f5   Thumb Code     0  entry8b.o(.ARM.Collect$$$$0000000A)
    _main_init                               0x080000f5   Thumb Code     0  entry9a.o(.ARM.Collect$$$$0000000B)
    __rt_final_cpp                           0x080000fd   Thumb Code     0  entry10a.o(.ARM.Collect$$$$0000000D)
    __rt_final_exit                          0x080000fd   Thumb Code     0  entry11a.o(.ARM.Collect$$$$0000000F)
    main                                     0x08000101   Thumb Code   498  main.o(.text)
    USB_LP_CAN1_RX0_IRQHandler               0x080002f3   Thumb Code   436  main.o(.text)
    USART1_IRQHandler                        0x080004a7   Thumb Code   480  main.o(.text)
    USART2_IRQHandler                        0x08000687   Thumb Code   604  main.o(.text)
    NMI_Handler                              0x0800095d   Thumb Code     2  stm32f10x_it.o(.text)
    HardFault_Handler                        0x0800095f   Thumb Code     4  stm32f10x_it.o(.text)
    MemManage_Handler                        0x08000963   Thumb Code     4  stm32f10x_it.o(.text)
    BusFault_Handler                         0x08000967   Thumb Code     4  stm32f10x_it.o(.text)
    UsageFault_Handler                       0x0800096b   Thumb Code     4  stm32f10x_it.o(.text)
    SVC_Handler                              0x0800096f   Thumb Code     2  stm32f10x_it.o(.text)
    DebugMon_Handler                         0x08000971   Thumb Code     2  stm32f10x_it.o(.text)
    PendSV_Handler                           0x08000973   Thumb Code     2  stm32f10x_it.o(.text)
    SysTick_Handler                          0x08000975   Thumb Code     2  stm32f10x_it.o(.text)
    OLED_I2C_Init                            0x08000979   Thumb Code    76  oled.o(.text)
    OLED_I2C_Start                           0x080009c5   Thumb Code    48  oled.o(.text)
    OLED_I2C_Stop                            0x080009f5   Thumb Code    36  oled.o(.text)
    OLED_I2C_SendByte                        0x08000a19   Thumb Code    80  oled.o(.text)
    OLED_WriteCommand                        0x08000a69   Thumb Code    32  oled.o(.text)
    OLED_WriteData                           0x08000a89   Thumb Code    32  oled.o(.text)
    OLED_SetCursor                           0x08000aa9   Thumb Code    34  oled.o(.text)
    OLED_Clear                               0x08000acb   Thumb Code    42  oled.o(.text)
    OLED_ShowChar                            0x08000af5   Thumb Code   110  oled.o(.text)
    OLED_ShowString                          0x08000b63   Thumb Code    40  oled.o(.text)
    OLED_Pow                                 0x08000b8b   Thumb Code    20  oled.o(.text)
    OLED_ShowNum                             0x08000b9f   Thumb Code    68  oled.o(.text)
    OLED_ShowSignedNum                       0x08000be3   Thumb Code   102  oled.o(.text)
    OLED_ShowHexNum                          0x08000c49   Thumb Code    84  oled.o(.text)
    OLED_ShowBinNum                          0x08000c9d   Thumb Code    62  oled.o(.text)
    OLED_Init                                0x08000cdb   Thumb Code   182  oled.o(.text)
    CAN1_Configuration                       0x08000d91   Thumb Code   144  e63_can.o(.text)
    CAN1_FilterConfig                        0x08000e21   Thumb Code    88  e63_can.o(.text)
    CAN1_ITConfig                            0x08000e79   Thumb Code    52  e63_can.o(.text)
    CAN_Send_Msg                             0x08000ead   Thumb Code   110  e63_can.o(.text)
    CAN_Receive_Msg                          0x08000f1b   Thumb Code    68  e63_can.o(.text)
    MotorolaDataCov                          0x08000f5f   Thumb Code   274  e63_can.o(.text)
    Usart_InitCongif                         0x08001079   Thumb Code   160  e63_usart1.o(.text)
    Usart1_IT_Config                         0x08001119   Thumb Code    62  e63_usart1.o(.text)
    USART1_DAM_Config                        0x08001157   Thumb Code    78  e63_usart1.o(.text)
    Usart2_IT_Config                         0x080011a5   Thumb Code    62  e63_usart1.o(.text)
    USART2_DAM_Config                        0x080011e3   Thumb Code    84  e63_usart1.o(.text)
    NVIC_Config                              0x08001237   Thumb Code    50  e63_usart1.o(.text)
    fputc                                    0x08001269   Thumb Code    32  e63_usart1.o(.text)
    Usart_Printf                             0x08001289   Thumb Code    44  e63_usart1.o(.text)
    Usart_Send_Byte                          0x080012b5   Thumb Code    28  e63_usart1.o(.text)
    Usart_Send_Str                           0x080012d1   Thumb Code    40  e63_usart1.o(.text)
    Usart_Send_Int2Str                       0x080012f9   Thumb Code   112  e63_usart1.o(.text)
    Int2Str                                  0x08001369   Thumb Code   100  e63_usart1.o(.text)
    Usart_Cmd_END                            0x080013cd   Thumb Code    30  e63_usart1.o(.text)
    Screen_NumCmd                            0x080013eb   Thumb Code    40  e63_usart1.o(.text)
    Screen_u8NumCmd                          0x08001413   Thumb Code    40  e63_usart1.o(.text)
    Screen_TxtNumCmd                         0x0800143b   Thumb Code   536  e63_usart1.o(.text)
    Screen_StateRing                         0x08001653   Thumb Code  1372  e63_usart1.o(.text)
    Screen_BattState                         0x08001baf   Thumb Code  1280  e63_usart1.o(.text)
    Screen_GearMsg                           0x080020af   Thumb Code   228  e63_usart1.o(.text)
    Screen_MotorWarningJudgement             0x08002193   Thumb Code   340  e63_usart1.o(.text)
    TimerHide                                0x080022e7   Thumb Code    62  e63_usart1.o(.text)
    TimerDisp                                0x08002325   Thumb Code   492  e63_usart1.o(.text)
    Screen_TimerRecCmd                       0x08002511   Thumb Code   236  e63_usart1.o(.text)
    TimerSort                                0x080025fd   Thumb Code   158  e63_usart1.o(.text)
    TimerRecord                              0x0800269b   Thumb Code   364  e63_usart1.o(.text)
    TimRecTigger_Init                        0x080028cd   Thumb Code   122  timrectigger.o(.text)
    TimRecTimer3Delay_Config                 0x08002947   Thumb Code    94  timrectigger.o(.text)
    TimRecTimer4Delay_Config                 0x080029a5   Thumb Code    94  timrectigger.o(.text)
    EXTI15_10_IRQHandler                     0x08002a03   Thumb Code    66  timrectigger.o(.text)
    TIM3_IRQHandler                          0x08002a45   Thumb Code   262  timrectigger.o(.text)
    TIM4_IRQHandler                          0x08002b4b   Thumb Code   256  timrectigger.o(.text)
    Delay_us                                 0x08002cb1   Thumb Code    46  delay.o(.text)
    Delay_ms                                 0x08002cdf   Thumb Code    24  delay.o(.text)
    Delay_s                                  0x08002cf7   Thumb Code    24  delay.o(.text)
    Timer_Init                               0x08002d11   Thumb Code   114  timer.o(.text)
    TIM2_IRQHandler                          0x08002d83   Thumb Code    44  timer.o(.text)
    TimCountNum                              0x08002daf   Thumb Code     6  timer.o(.text)
    NVIC_PriorityGroupConfig                 0x08002dbd   Thumb Code    10  misc.o(.text)
    NVIC_Init                                0x08002dc7   Thumb Code   100  misc.o(.text)
    NVIC_SetVectorTable                      0x08002e2b   Thumb Code    14  misc.o(.text)
    NVIC_SystemLPConfig                      0x08002e39   Thumb Code    34  misc.o(.text)
    SysTick_CLKSourceConfig                  0x08002e5b   Thumb Code    40  misc.o(.text)
    CAN_DeInit                               0x08002e99   Thumb Code    50  stm32f10x_can.o(.text)
    CAN_Init                                 0x08002ecb   Thumb Code   276  stm32f10x_can.o(.text)
    CAN_FilterInit                           0x08002fdf   Thumb Code   258  stm32f10x_can.o(.text)
    CAN_StructInit                           0x080030e1   Thumb Code    32  stm32f10x_can.o(.text)
    CAN_SlaveStartBank                       0x08003101   Thumb Code    48  stm32f10x_can.o(.text)
    CAN_DBGFreeze                            0x08003131   Thumb Code    22  stm32f10x_can.o(.text)
    CAN_TTComModeCmd                         0x08003147   Thumb Code   118  stm32f10x_can.o(.text)
    CAN_Transmit                             0x080031bd   Thumb Code   304  stm32f10x_can.o(.text)
    CAN_TransmitStatus                       0x080032ed   Thumb Code   138  stm32f10x_can.o(.text)
    CAN_CancelTransmit                       0x08003377   Thumb Code    48  stm32f10x_can.o(.text)
    CAN_Receive                              0x080033a7   Thumb Code   240  stm32f10x_can.o(.text)
    CAN_FIFORelease                          0x08003497   Thumb Code    22  stm32f10x_can.o(.text)
    CAN_MessagePending                       0x080034ad   Thumb Code    30  stm32f10x_can.o(.text)
    CAN_OperatingModeRequest                 0x080034cb   Thumb Code   162  stm32f10x_can.o(.text)
    CAN_Sleep                                0x0800356d   Thumb Code    30  stm32f10x_can.o(.text)
    CAN_WakeUp                               0x0800358b   Thumb Code    48  stm32f10x_can.o(.text)
    CAN_GetLastErrorCode                     0x080035bb   Thumb Code    12  stm32f10x_can.o(.text)
    CAN_GetReceiveErrorCounter               0x080035c7   Thumb Code    10  stm32f10x_can.o(.text)
    CAN_GetLSBTransmitErrorCounter           0x080035d1   Thumb Code    12  stm32f10x_can.o(.text)
    CAN_ITConfig                             0x080035dd   Thumb Code    18  stm32f10x_can.o(.text)
    CAN_GetFlagStatus                        0x080035ef   Thumb Code   120  stm32f10x_can.o(.text)
    CAN_ClearFlag                            0x08003667   Thumb Code    52  stm32f10x_can.o(.text)
    CAN_GetITStatus                          0x080036ad   Thumb Code   310  stm32f10x_can.o(.text)
    CAN_ClearITPendingBit                    0x080037e3   Thumb Code   162  stm32f10x_can.o(.text)
    DMA_DeInit                               0x08003889   Thumb Code   324  stm32f10x_dma.o(.text)
    DMA_Init                                 0x080039cd   Thumb Code    60  stm32f10x_dma.o(.text)
    DMA_StructInit                           0x08003a09   Thumb Code    26  stm32f10x_dma.o(.text)
    DMA_Cmd                                  0x08003a23   Thumb Code    24  stm32f10x_dma.o(.text)
    DMA_ITConfig                             0x08003a3b   Thumb Code    18  stm32f10x_dma.o(.text)
    DMA_SetCurrDataCounter                   0x08003a4d   Thumb Code     4  stm32f10x_dma.o(.text)
    DMA_GetCurrDataCounter                   0x08003a51   Thumb Code     8  stm32f10x_dma.o(.text)
    DMA_GetFlagStatus                        0x08003a59   Thumb Code    40  stm32f10x_dma.o(.text)
    DMA_ClearFlag                            0x08003a81   Thumb Code    22  stm32f10x_dma.o(.text)
    DMA_GetITStatus                          0x08003a97   Thumb Code    40  stm32f10x_dma.o(.text)
    DMA_ClearITPendingBit                    0x08003abf   Thumb Code    22  stm32f10x_dma.o(.text)
    EXTI_DeInit                              0x08003add   Thumb Code    28  stm32f10x_exti.o(.text)
    EXTI_Init                                0x08003af9   Thumb Code   142  stm32f10x_exti.o(.text)
    EXTI_StructInit                          0x08003b87   Thumb Code    16  stm32f10x_exti.o(.text)
    EXTI_GenerateSWInterrupt                 0x08003b97   Thumb Code    16  stm32f10x_exti.o(.text)
    EXTI_GetFlagStatus                       0x08003ba7   Thumb Code    22  stm32f10x_exti.o(.text)
    EXTI_ClearFlag                           0x08003bbd   Thumb Code     8  stm32f10x_exti.o(.text)
    EXTI_GetITStatus                         0x08003bc5   Thumb Code    34  stm32f10x_exti.o(.text)
    EXTI_ClearITPendingBit                   0x08003be7   Thumb Code     8  stm32f10x_exti.o(.text)
    GPIO_DeInit                              0x08003bf9   Thumb Code   172  stm32f10x_gpio.o(.text)
    GPIO_AFIODeInit                          0x08003ca5   Thumb Code    20  stm32f10x_gpio.o(.text)
    GPIO_Init                                0x08003cb9   Thumb Code   278  stm32f10x_gpio.o(.text)
    GPIO_StructInit                          0x08003dcf   Thumb Code    16  stm32f10x_gpio.o(.text)
    GPIO_ReadInputDataBit                    0x08003ddf   Thumb Code    18  stm32f10x_gpio.o(.text)
    GPIO_ReadInputData                       0x08003df1   Thumb Code     8  stm32f10x_gpio.o(.text)
    GPIO_ReadOutputDataBit                   0x08003df9   Thumb Code    18  stm32f10x_gpio.o(.text)
    GPIO_ReadOutputData                      0x08003e0b   Thumb Code     8  stm32f10x_gpio.o(.text)
    GPIO_SetBits                             0x08003e13   Thumb Code     4  stm32f10x_gpio.o(.text)
    GPIO_ResetBits                           0x08003e17   Thumb Code     4  stm32f10x_gpio.o(.text)
    GPIO_WriteBit                            0x08003e1b   Thumb Code    10  stm32f10x_gpio.o(.text)
    GPIO_Write                               0x08003e25   Thumb Code     4  stm32f10x_gpio.o(.text)
    GPIO_PinLockConfig                       0x08003e29   Thumb Code    18  stm32f10x_gpio.o(.text)
    GPIO_EventOutputConfig                   0x08003e3b   Thumb Code    26  stm32f10x_gpio.o(.text)
    GPIO_EventOutputCmd                      0x08003e55   Thumb Code     6  stm32f10x_gpio.o(.text)
    GPIO_PinRemapConfig                      0x08003e5b   Thumb Code   138  stm32f10x_gpio.o(.text)
    GPIO_EXTILineConfig                      0x08003ee5   Thumb Code    66  stm32f10x_gpio.o(.text)
    GPIO_ETH_MediaInterfaceConfig            0x08003f27   Thumb Code     8  stm32f10x_gpio.o(.text)
    RCC_DeInit                               0x08003f55   Thumb Code    64  stm32f10x_rcc.o(.text)
    RCC_HSEConfig                            0x08003f95   Thumb Code    70  stm32f10x_rcc.o(.text)
    RCC_GetFlagStatus                        0x08003fdb   Thumb Code    56  stm32f10x_rcc.o(.text)
    RCC_WaitForHSEStartUp                    0x08004013   Thumb Code    56  stm32f10x_rcc.o(.text)
    RCC_AdjustHSICalibrationValue            0x0800404b   Thumb Code    20  stm32f10x_rcc.o(.text)
    RCC_HSICmd                               0x0800405f   Thumb Code     6  stm32f10x_rcc.o(.text)
    RCC_PLLConfig                            0x08004065   Thumb Code    24  stm32f10x_rcc.o(.text)
    RCC_PLLCmd                               0x0800407d   Thumb Code     6  stm32f10x_rcc.o(.text)
    RCC_SYSCLKConfig                         0x08004083   Thumb Code    18  stm32f10x_rcc.o(.text)
    RCC_GetSYSCLKSource                      0x08004095   Thumb Code    10  stm32f10x_rcc.o(.text)
    RCC_HCLKConfig                           0x0800409f   Thumb Code    18  stm32f10x_rcc.o(.text)
    RCC_PCLK1Config                          0x080040b1   Thumb Code    18  stm32f10x_rcc.o(.text)
    RCC_PCLK2Config                          0x080040c3   Thumb Code    20  stm32f10x_rcc.o(.text)
    RCC_ITConfig                             0x080040d7   Thumb Code    26  stm32f10x_rcc.o(.text)
    RCC_USBCLKConfig                         0x080040f1   Thumb Code     8  stm32f10x_rcc.o(.text)
    RCC_ADCCLKConfig                         0x080040f9   Thumb Code    18  stm32f10x_rcc.o(.text)
    RCC_LSEConfig                            0x0800410b   Thumb Code    50  stm32f10x_rcc.o(.text)
    RCC_LSICmd                               0x0800413d   Thumb Code     6  stm32f10x_rcc.o(.text)
    RCC_RTCCLKConfig                         0x08004143   Thumb Code    12  stm32f10x_rcc.o(.text)
    RCC_RTCCLKCmd                            0x0800414f   Thumb Code     8  stm32f10x_rcc.o(.text)
    RCC_GetClocksFreq                        0x08004157   Thumb Code   192  stm32f10x_rcc.o(.text)
    RCC_AHBPeriphClockCmd                    0x08004217   Thumb Code    26  stm32f10x_rcc.o(.text)
    RCC_APB2PeriphClockCmd                   0x08004231   Thumb Code    26  stm32f10x_rcc.o(.text)
    RCC_APB1PeriphClockCmd                   0x0800424b   Thumb Code    26  stm32f10x_rcc.o(.text)
    RCC_APB2PeriphResetCmd                   0x08004265   Thumb Code    26  stm32f10x_rcc.o(.text)
    RCC_APB1PeriphResetCmd                   0x0800427f   Thumb Code    26  stm32f10x_rcc.o(.text)
    RCC_BackupResetCmd                       0x08004299   Thumb Code     8  stm32f10x_rcc.o(.text)
    RCC_ClockSecuritySystemCmd               0x080042a1   Thumb Code     6  stm32f10x_rcc.o(.text)
    RCC_MCOConfig                            0x080042a7   Thumb Code     6  stm32f10x_rcc.o(.text)
    RCC_ClearFlag                            0x080042ad   Thumb Code    14  stm32f10x_rcc.o(.text)
    RCC_GetITStatus                          0x080042bb   Thumb Code    20  stm32f10x_rcc.o(.text)
    RCC_ClearITPendingBit                    0x080042cf   Thumb Code     6  stm32f10x_rcc.o(.text)
    TIM_DeInit                               0x080042f9   Thumb Code   424  stm32f10x_tim.o(.text)
    TIM_TimeBaseInit                         0x080044a1   Thumb Code   122  stm32f10x_tim.o(.text)
    TIM_OC1Init                              0x0800451b   Thumb Code   132  stm32f10x_tim.o(.text)
    TIM_OC2Init                              0x0800459f   Thumb Code   154  stm32f10x_tim.o(.text)
    TIM_OC3Init                              0x08004639   Thumb Code   150  stm32f10x_tim.o(.text)
    TIM_OC4Init                              0x080046cf   Thumb Code   182  stm32f10x_tim.o(.text)
    TIM_SetIC4Prescaler                      0x08004785   Thumb Code    26  stm32f10x_tim.o(.text)
    TIM_SetIC3Prescaler                      0x08004821   Thumb Code    18  stm32f10x_tim.o(.text)
    TIM_SetIC2Prescaler                      0x080048ad   Thumb Code    26  stm32f10x_tim.o(.text)
    TIM_SetIC1Prescaler                      0x08004949   Thumb Code    18  stm32f10x_tim.o(.text)
    TIM_ICInit                               0x080049c7   Thumb Code   150  stm32f10x_tim.o(.text)
    TIM_PWMIConfig                           0x08004a5d   Thumb Code   124  stm32f10x_tim.o(.text)
    TIM_BDTRConfig                           0x08004ad9   Thumb Code    32  stm32f10x_tim.o(.text)
    TIM_TimeBaseStructInit                   0x08004af9   Thumb Code    18  stm32f10x_tim.o(.text)
    TIM_OCStructInit                         0x08004b0b   Thumb Code    20  stm32f10x_tim.o(.text)
    TIM_ICStructInit                         0x08004b1f   Thumb Code    18  stm32f10x_tim.o(.text)
    TIM_BDTRStructInit                       0x08004b31   Thumb Code    40  stm32f10x_tim.o(.text)
    TIM_Cmd                                  0x08004b59   Thumb Code    24  stm32f10x_tim.o(.text)
    TIM_CtrlPWMOutputs                       0x08004b71   Thumb Code    30  stm32f10x_tim.o(.text)
    TIM_ITConfig                             0x08004b8f   Thumb Code    18  stm32f10x_tim.o(.text)
    TIM_GenerateEvent                        0x08004ba1   Thumb Code     4  stm32f10x_tim.o(.text)
    TIM_DMAConfig                            0x08004ba5   Thumb Code    10  stm32f10x_tim.o(.text)
    TIM_DMACmd                               0x08004baf   Thumb Code    18  stm32f10x_tim.o(.text)
    TIM_InternalClockConfig                  0x08004bc1   Thumb Code    12  stm32f10x_tim.o(.text)
    TIM_SelectInputTrigger                   0x08004bcd   Thumb Code    18  stm32f10x_tim.o(.text)
    TIM_ITRxExternalClockConfig              0x08004bdf   Thumb Code    24  stm32f10x_tim.o(.text)
    TIM_TIxExternalClockConfig               0x08004bf7   Thumb Code    62  stm32f10x_tim.o(.text)
    TIM_ETRConfig                            0x08004c35   Thumb Code    28  stm32f10x_tim.o(.text)
    TIM_ETRClockMode1Config                  0x08004c51   Thumb Code    54  stm32f10x_tim.o(.text)
    TIM_ETRClockMode2Config                  0x08004c87   Thumb Code    32  stm32f10x_tim.o(.text)
    TIM_PrescalerConfig                      0x08004ca7   Thumb Code     6  stm32f10x_tim.o(.text)
    TIM_CounterModeConfig                    0x08004cad   Thumb Code    18  stm32f10x_tim.o(.text)
    TIM_EncoderInterfaceConfig               0x08004cbf   Thumb Code    66  stm32f10x_tim.o(.text)
    TIM_ForcedOC1Config                      0x08004d01   Thumb Code    18  stm32f10x_tim.o(.text)
    TIM_ForcedOC2Config                      0x08004d13   Thumb Code    26  stm32f10x_tim.o(.text)
    TIM_ForcedOC3Config                      0x08004d2d   Thumb Code    18  stm32f10x_tim.o(.text)
    TIM_ForcedOC4Config                      0x08004d3f   Thumb Code    26  stm32f10x_tim.o(.text)
    TIM_ARRPreloadConfig                     0x08004d59   Thumb Code    24  stm32f10x_tim.o(.text)
    TIM_SelectCOM                            0x08004d71   Thumb Code    24  stm32f10x_tim.o(.text)
    TIM_SelectCCDMA                          0x08004d89   Thumb Code    24  stm32f10x_tim.o(.text)
    TIM_CCPreloadControl                     0x08004da1   Thumb Code    24  stm32f10x_tim.o(.text)
    TIM_OC1PreloadConfig                     0x08004db9   Thumb Code    18  stm32f10x_tim.o(.text)
    TIM_OC2PreloadConfig                     0x08004dcb   Thumb Code    26  stm32f10x_tim.o(.text)
    TIM_OC3PreloadConfig                     0x08004de5   Thumb Code    18  stm32f10x_tim.o(.text)
    TIM_OC4PreloadConfig                     0x08004df7   Thumb Code    26  stm32f10x_tim.o(.text)
    TIM_OC1FastConfig                        0x08004e11   Thumb Code    18  stm32f10x_tim.o(.text)
    TIM_OC2FastConfig                        0x08004e23   Thumb Code    26  stm32f10x_tim.o(.text)
    TIM_OC3FastConfig                        0x08004e3d   Thumb Code    18  stm32f10x_tim.o(.text)
    TIM_OC4FastConfig                        0x08004e4f   Thumb Code    26  stm32f10x_tim.o(.text)
    TIM_ClearOC1Ref                          0x08004e69   Thumb Code    18  stm32f10x_tim.o(.text)
    TIM_ClearOC2Ref                          0x08004e7b   Thumb Code    24  stm32f10x_tim.o(.text)
    TIM_ClearOC3Ref                          0x08004e93   Thumb Code    18  stm32f10x_tim.o(.text)
    TIM_ClearOC4Ref                          0x08004ea5   Thumb Code    24  stm32f10x_tim.o(.text)
    TIM_OC1PolarityConfig                    0x08004ebd   Thumb Code    18  stm32f10x_tim.o(.text)
    TIM_OC1NPolarityConfig                   0x08004ecf   Thumb Code    18  stm32f10x_tim.o(.text)
    TIM_OC2PolarityConfig                    0x08004ee1   Thumb Code    26  stm32f10x_tim.o(.text)
    TIM_OC2NPolarityConfig                   0x08004efb   Thumb Code    26  stm32f10x_tim.o(.text)
    TIM_OC3PolarityConfig                    0x08004f15   Thumb Code    26  stm32f10x_tim.o(.text)
    TIM_OC3NPolarityConfig                   0x08004f2f   Thumb Code    26  stm32f10x_tim.o(.text)
    TIM_OC4PolarityConfig                    0x08004f49   Thumb Code    26  stm32f10x_tim.o(.text)
    TIM_CCxCmd                               0x08004f63   Thumb Code    30  stm32f10x_tim.o(.text)
    TIM_CCxNCmd                              0x08004f81   Thumb Code    30  stm32f10x_tim.o(.text)
    TIM_SelectOCxM                           0x08004f9f   Thumb Code    82  stm32f10x_tim.o(.text)
    TIM_UpdateDisableConfig                  0x08004ff1   Thumb Code    24  stm32f10x_tim.o(.text)
    TIM_UpdateRequestConfig                  0x08005009   Thumb Code    24  stm32f10x_tim.o(.text)
    TIM_SelectHallSensor                     0x08005021   Thumb Code    24  stm32f10x_tim.o(.text)
    TIM_SelectOnePulseMode                   0x08005039   Thumb Code    18  stm32f10x_tim.o(.text)
    TIM_SelectOutputTrigger                  0x0800504b   Thumb Code    18  stm32f10x_tim.o(.text)
    TIM_SelectSlaveMode                      0x0800505d   Thumb Code    18  stm32f10x_tim.o(.text)
    TIM_SelectMasterSlaveMode                0x0800506f   Thumb Code    18  stm32f10x_tim.o(.text)
    TIM_SetCounter                           0x08005081   Thumb Code     4  stm32f10x_tim.o(.text)
    TIM_SetAutoreload                        0x08005085   Thumb Code     4  stm32f10x_tim.o(.text)
    TIM_SetCompare1                          0x08005089   Thumb Code     4  stm32f10x_tim.o(.text)
    TIM_SetCompare2                          0x0800508d   Thumb Code     4  stm32f10x_tim.o(.text)
    TIM_SetCompare3                          0x08005091   Thumb Code     4  stm32f10x_tim.o(.text)
    TIM_SetCompare4                          0x08005095   Thumb Code     6  stm32f10x_tim.o(.text)
    TIM_SetClockDivision                     0x0800509b   Thumb Code    18  stm32f10x_tim.o(.text)
    TIM_GetCapture1                          0x080050ad   Thumb Code     6  stm32f10x_tim.o(.text)
    TIM_GetCapture2                          0x080050b3   Thumb Code     6  stm32f10x_tim.o(.text)
    TIM_GetCapture3                          0x080050b9   Thumb Code     6  stm32f10x_tim.o(.text)
    TIM_GetCapture4                          0x080050bf   Thumb Code     8  stm32f10x_tim.o(.text)
    TIM_GetCounter                           0x080050c7   Thumb Code     6  stm32f10x_tim.o(.text)
    TIM_GetPrescaler                         0x080050cd   Thumb Code     6  stm32f10x_tim.o(.text)
    TIM_GetFlagStatus                        0x080050d3   Thumb Code    18  stm32f10x_tim.o(.text)
    TIM_ClearFlag                            0x080050e5   Thumb Code     6  stm32f10x_tim.o(.text)
    TIM_GetITStatus                          0x080050eb   Thumb Code    34  stm32f10x_tim.o(.text)
    TIM_ClearITPendingBit                    0x0800510d   Thumb Code     6  stm32f10x_tim.o(.text)
    USART_DeInit                             0x08005115   Thumb Code   134  stm32f10x_usart.o(.text)
    USART_Init                               0x0800519b   Thumb Code   210  stm32f10x_usart.o(.text)
    USART_StructInit                         0x0800526d   Thumb Code    24  stm32f10x_usart.o(.text)
    USART_ClockInit                          0x08005285   Thumb Code    34  stm32f10x_usart.o(.text)
    USART_ClockStructInit                    0x080052a7   Thumb Code    12  stm32f10x_usart.o(.text)
    USART_Cmd                                0x080052b3   Thumb Code    24  stm32f10x_usart.o(.text)
    USART_ITConfig                           0x080052cb   Thumb Code    74  stm32f10x_usart.o(.text)
    USART_DMACmd                             0x08005315   Thumb Code    18  stm32f10x_usart.o(.text)
    USART_SetAddress                         0x08005327   Thumb Code    18  stm32f10x_usart.o(.text)
    USART_WakeUpConfig                       0x08005339   Thumb Code    18  stm32f10x_usart.o(.text)
    USART_ReceiverWakeUpCmd                  0x0800534b   Thumb Code    24  stm32f10x_usart.o(.text)
    USART_LINBreakDetectLengthConfig         0x08005363   Thumb Code    18  stm32f10x_usart.o(.text)
    USART_LINCmd                             0x08005375   Thumb Code    24  stm32f10x_usart.o(.text)
    USART_SendData                           0x0800538d   Thumb Code     8  stm32f10x_usart.o(.text)
    USART_ReceiveData                        0x08005395   Thumb Code    10  stm32f10x_usart.o(.text)
    USART_SendBreak                          0x0800539f   Thumb Code    10  stm32f10x_usart.o(.text)
    USART_SetGuardTime                       0x080053a9   Thumb Code    16  stm32f10x_usart.o(.text)
    USART_SetPrescaler                       0x080053b9   Thumb Code    16  stm32f10x_usart.o(.text)
    USART_SmartCardCmd                       0x080053c9   Thumb Code    24  stm32f10x_usart.o(.text)
    USART_SmartCardNACKCmd                   0x080053e1   Thumb Code    24  stm32f10x_usart.o(.text)
    USART_HalfDuplexCmd                      0x080053f9   Thumb Code    24  stm32f10x_usart.o(.text)
    USART_OverSampling8Cmd                   0x08005411   Thumb Code    22  stm32f10x_usart.o(.text)
    USART_OneBitMethodCmd                    0x08005427   Thumb Code    24  stm32f10x_usart.o(.text)
    USART_IrDAConfig                         0x0800543f   Thumb Code    18  stm32f10x_usart.o(.text)
    USART_IrDACmd                            0x08005451   Thumb Code    24  stm32f10x_usart.o(.text)
    USART_GetFlagStatus                      0x08005469   Thumb Code    26  stm32f10x_usart.o(.text)
    USART_ClearFlag                          0x08005483   Thumb Code    18  stm32f10x_usart.o(.text)
    USART_GetITStatus                        0x08005495   Thumb Code    84  stm32f10x_usart.o(.text)
    USART_ClearITPendingBit                  0x080054e9   Thumb Code    52  stm32f10x_usart.o(.text)
    SystemInit                               0x080055fb   Thumb Code    78  system_stm32f10x.o(.text)
    SystemCoreClockUpdate                    0x08005649   Thumb Code   142  system_stm32f10x.o(.text)
    Reset_Handler                            0x080056fd   Thumb Code     8  startup_stm32f10x_md.o(.text)
    ADC1_2_IRQHandler                        0x08005717   Thumb Code     0  startup_stm32f10x_md.o(.text)
    CAN1_RX1_IRQHandler                      0x08005717   Thumb Code     0  startup_stm32f10x_md.o(.text)
    CAN1_SCE_IRQHandler                      0x08005717   Thumb Code     0  startup_stm32f10x_md.o(.text)
    DMA1_Channel1_IRQHandler                 0x08005717   Thumb Code     0  startup_stm32f10x_md.o(.text)
    DMA1_Channel2_IRQHandler                 0x08005717   Thumb Code     0  startup_stm32f10x_md.o(.text)
    DMA1_Channel3_IRQHandler                 0x08005717   Thumb Code     0  startup_stm32f10x_md.o(.text)
    DMA1_Channel4_IRQHandler                 0x08005717   Thumb Code     0  startup_stm32f10x_md.o(.text)
    DMA1_Channel5_IRQHandler                 0x08005717   Thumb Code     0  startup_stm32f10x_md.o(.text)
    DMA1_Channel6_IRQHandler                 0x08005717   Thumb Code     0  startup_stm32f10x_md.o(.text)
    DMA1_Channel7_IRQHandler                 0x08005717   Thumb Code     0  startup_stm32f10x_md.o(.text)
    EXTI0_IRQHandler                         0x08005717   Thumb Code     0  startup_stm32f10x_md.o(.text)
    EXTI1_IRQHandler                         0x08005717   Thumb Code     0  startup_stm32f10x_md.o(.text)
    EXTI2_IRQHandler                         0x08005717   Thumb Code     0  startup_stm32f10x_md.o(.text)
    EXTI3_IRQHandler                         0x08005717   Thumb Code     0  startup_stm32f10x_md.o(.text)
    EXTI4_IRQHandler                         0x08005717   Thumb Code     0  startup_stm32f10x_md.o(.text)
    EXTI9_5_IRQHandler                       0x08005717   Thumb Code     0  startup_stm32f10x_md.o(.text)
    FLASH_IRQHandler                         0x08005717   Thumb Code     0  startup_stm32f10x_md.o(.text)
    I2C1_ER_IRQHandler                       0x08005717   Thumb Code     0  startup_stm32f10x_md.o(.text)
    I2C1_EV_IRQHandler                       0x08005717   Thumb Code     0  startup_stm32f10x_md.o(.text)
    I2C2_ER_IRQHandler                       0x08005717   Thumb Code     0  startup_stm32f10x_md.o(.text)
    I2C2_EV_IRQHandler                       0x08005717   Thumb Code     0  startup_stm32f10x_md.o(.text)
    PVD_IRQHandler                           0x08005717   Thumb Code     0  startup_stm32f10x_md.o(.text)
    RCC_IRQHandler                           0x08005717   Thumb Code     0  startup_stm32f10x_md.o(.text)
    RTCAlarm_IRQHandler                      0x08005717   Thumb Code     0  startup_stm32f10x_md.o(.text)
    RTC_IRQHandler                           0x08005717   Thumb Code     0  startup_stm32f10x_md.o(.text)
    SPI1_IRQHandler                          0x08005717   Thumb Code     0  startup_stm32f10x_md.o(.text)
    SPI2_IRQHandler                          0x08005717   Thumb Code     0  startup_stm32f10x_md.o(.text)
    TAMPER_IRQHandler                        0x08005717   Thumb Code     0  startup_stm32f10x_md.o(.text)
    TIM1_BRK_IRQHandler                      0x08005717   Thumb Code     0  startup_stm32f10x_md.o(.text)
    TIM1_CC_IRQHandler                       0x08005717   Thumb Code     0  startup_stm32f10x_md.o(.text)
    TIM1_TRG_COM_IRQHandler                  0x08005717   Thumb Code     0  startup_stm32f10x_md.o(.text)
    TIM1_UP_IRQHandler                       0x08005717   Thumb Code     0  startup_stm32f10x_md.o(.text)
    USART3_IRQHandler                        0x08005717   Thumb Code     0  startup_stm32f10x_md.o(.text)
    USBWakeUp_IRQHandler                     0x08005717   Thumb Code     0  startup_stm32f10x_md.o(.text)
    USB_HP_CAN1_TX_IRQHandler                0x08005717   Thumb Code     0  startup_stm32f10x_md.o(.text)
    WWDG_IRQHandler                          0x08005717   Thumb Code     0  startup_stm32f10x_md.o(.text)
    __aeabi_memset                           0x08005721   Thumb Code    14  memseta.o(.text)
    __aeabi_memset4                          0x08005721   Thumb Code     0  memseta.o(.text)
    __aeabi_memset8                          0x08005721   Thumb Code     0  memseta.o(.text)
    __aeabi_memclr                           0x0800572f   Thumb Code     4  memseta.o(.text)
    __aeabi_memclr4                          0x0800572f   Thumb Code     0  memseta.o(.text)
    __aeabi_memclr8                          0x0800572f   Thumb Code     0  memseta.o(.text)
    _memset$wrapper                          0x08005733   Thumb Code    18  memseta.o(.text)
    strcmp                                   0x08005745   Thumb Code    28  strcmp.o(.text)
    strcpy                                   0x08005761   Thumb Code    18  strcpy.o(.text)
    __aeabi_dadd                             0x08005773   Thumb Code   322  dadd.o(.text)
    __aeabi_dsub                             0x080058b5   Thumb Code     6  dadd.o(.text)
    __aeabi_drsub                            0x080058bb   Thumb Code     6  dadd.o(.text)
    __aeabi_dmul                             0x080058c1   Thumb Code   228  dmul.o(.text)
    __aeabi_i2d                              0x080059a5   Thumb Code    34  dflti.o(.text)
    __aeabi_d2iz                             0x080059c7   Thumb Code    62  dfixi.o(.text)
    __aeabi_llsl                             0x08005a05   Thumb Code    30  llshl.o(.text)
    _ll_shift_l                              0x08005a05   Thumb Code     0  llshl.o(.text)
    __aeabi_llsr                             0x08005a23   Thumb Code    32  llushr.o(.text)
    _ll_ushift_r                             0x08005a23   Thumb Code     0  llushr.o(.text)
    __aeabi_lasr                             0x08005a43   Thumb Code    36  llsshr.o(.text)
    _ll_sshift_r                             0x08005a43   Thumb Code     0  llsshr.o(.text)
    __I$use$fp                               0x08005a67   Thumb Code     0  iusefp.o(.text)
    _double_round                            0x08005a67   Thumb Code    26  depilogue.o(.text)
    _double_epilogue                         0x08005a81   Thumb Code   156  depilogue.o(.text)
    __scatterload                            0x08005b1d   Thumb Code    28  init.o(.text)
    __scatterload_rt2                        0x08005b1d   Thumb Code     0  init.o(.text)
    __0printf$2                              0x08005b41   Thumb Code    22  printf2.o(i.__0printf$2)
    __1printf$2                              0x08005b41   Thumb Code     0  printf2.o(i.__0printf$2)
    __2printf                                0x08005b41   Thumb Code     0  printf2.o(i.__0printf$2)
    __scatterload_copy                       0x08005b61   Thumb Code    14  handlers.o(i.__scatterload_copy)
    __scatterload_null                       0x08005b6f   Thumb Code     2  handlers.o(i.__scatterload_null)
    __scatterload_zeroinit                   0x08005b71   Thumb Code    14  handlers.o(i.__scatterload_zeroinit)
    OLED_F8x16                               0x08005c54   Data        1520  oled.o(.constdata)
    Region$$Table$$Base                      0x08006244   Number         0  anon$$obj.o(Region$$Table)
    Region$$Table$$Limit                     0x08006264   Number         0  anon$$obj.o(Region$$Table)
    TimLen                                   0x20000000   Data           4  main.o(.data)
    CAN1Tx1_Id                               0x20000004   Data           4  main.o(.data)
    CAN1Tx2_Id                               0x20000008   Data           4  main.o(.data)
    CAN1_FId1                                0x2000000c   Data           4  main.o(.data)
    CAN1_Musk1                               0x20000010   Data           4  main.o(.data)
    CAN1_FId2                                0x20000014   Data           4  main.o(.data)
    CAN1_Musk2                               0x20000018   Data           4  main.o(.data)
    VehSpd                                   0x2000001c   Data           4  main.o(.data)
    Gear                                     0x20000020   Data           4  main.o(.data)
    PedalSta                                 0x20000024   Data           4  main.o(.data)
    MotSpdL                                  0x20000028   Data           4  main.o(.data)
    MotSpdR                                  0x2000002c   Data           4  main.o(.data)
    BatMaxVolt                               0x20000030   Data           4  main.o(.data)
    BatMinVolt                               0x20000034   Data           4  main.o(.data)
    TsVolt                                   0x20000038   Data           4  main.o(.data)
    McuRdyL                                  0x2000003c   Data           4  main.o(.data)
    McuRdyR                                  0x20000040   Data           4  main.o(.data)
    MotWarnL_Disp                            0x20000044   Data           4  main.o(.data)
    MotWarnR_Disp                            0x20000048   Data           4  main.o(.data)
    SysWarn_Disp                             0x2000004c   Data           4  main.o(.data)
    Tx1Mbox                                  0x20000050   Data           1  main.o(.data)
    Tx2Mbox                                  0x20000051   Data           1  main.o(.data)
    TxMsg1                                   0x20000052   Data           8  main.o(.data)
    TimCount12                               0x20000060   Data           4  timrectigger.o(.data)
    TimCount13                               0x20000064   Data           4  timrectigger.o(.data)
    numplus                                  0x20000068   Data           4  timer.o(.data)
    NumPlus                                  0x2000006c   Data           4  timer.o(.data)
    SystemCoreClock                          0x20000084   Data           4  system_stm32f10x.o(.data)
    AHBPrescTable                            0x20000088   Data          16  system_stm32f10x.o(.data)
    __stdout                                 0x20000098   Data           4  stdout.o(.data)
    USART1_RxMsg1                            0x2000009c   Data          35  main.o(.bss)
    USART2_RxMsg1                            0x200000bf   Data          35  main.o(.bss)
    CAN_RxMsg1                               0x200000e4   Data          32  main.o(.bss)
    CAN_RxMsg2                               0x20000104   Data          32  main.o(.bss)
    __initial_sp                             0x200005f0   Data           0  startup_stm32f10x_md.o(STACK)



==============================================================================

Memory Map of the image

  Image Entry point : 0x080000ed

  Load Region LR_IROM1 (Base: 0x08000000, Size: 0x00006300, Max: 0x00010000, ABSOLUTE)

    Execution Region ER_IROM1 (Base: 0x08000000, Size: 0x00006264, Max: 0x00010000, ABSOLUTE)

    Base Addr    Size         Type   Attr      Idx    E Section Name        Object

    0x08000000   0x000000ec   Data   RO          707    RESET               startup_stm32f10x_md.o
    0x080000ec   0x00000000   Code   RO          712  * .ARM.Collect$$$$00000000  mc_w.l(entry.o)
    0x080000ec   0x00000004   Code   RO          990    .ARM.Collect$$$$00000001  mc_w.l(entry2.o)
    0x080000f0   0x00000004   Code   RO          993    .ARM.Collect$$$$00000004  mc_w.l(entry5.o)
    0x080000f4   0x00000000   Code   RO          995    .ARM.Collect$$$$00000008  mc_w.l(entry7b.o)
    0x080000f4   0x00000000   Code   RO          997    .ARM.Collect$$$$0000000A  mc_w.l(entry8b.o)
    0x080000f4   0x00000008   Code   RO          998    .ARM.Collect$$$$0000000B  mc_w.l(entry9a.o)
    0x080000fc   0x00000000   Code   RO         1000    .ARM.Collect$$$$0000000D  mc_w.l(entry10a.o)
    0x080000fc   0x00000000   Code   RO         1002    .ARM.Collect$$$$0000000F  mc_w.l(entry11a.o)
    0x080000fc   0x00000004   Code   RO          991    .ARM.Collect$$$$00002712  mc_w.l(entry2.o)
    0x08000100   0x0000085c   Code   RO            1    .text               main.o
    0x0800095c   0x0000001a   Code   RO           99    .text               stm32f10x_it.o
    0x08000976   0x00000002   PAD
    0x08000978   0x00000418   Code   RO          172    .text               oled.o
    0x08000d90   0x000002e8   Code   RO          244    .text               e63_can.o
    0x08001078   0x00001854   Code   RO          278    .text               e63_usart1.o
    0x080028cc   0x000003e4   Code   RO          300    .text               timrectigger.o
    0x08002cb0   0x0000005e   Code   RO          319    .text               delay.o
    0x08002d0e   0x00000002   PAD
    0x08002d10   0x000000ac   Code   RO          331    .text               timer.o
    0x08002dbc   0x000000dc   Code   RO          346    .text               misc.o
    0x08002e98   0x000009f0   Code   RO          388    .text               stm32f10x_can.o
    0x08003888   0x00000254   Code   RO          460    .text               stm32f10x_dma.o
    0x08003adc   0x0000011c   Code   RO          472    .text               stm32f10x_exti.o
    0x08003bf8   0x0000035c   Code   RO          514    .text               stm32f10x_gpio.o
    0x08003f54   0x000003a4   Code   RO          571    .text               stm32f10x_rcc.o
    0x080042f8   0x00000e1a   Code   RO          630    .text               stm32f10x_tim.o
    0x08005112   0x00000002   PAD
    0x08005114   0x00000408   Code   RO          642    .text               stm32f10x_usart.o
    0x0800551c   0x000001e0   Code   RO          680    .text               system_stm32f10x.o
    0x080056fc   0x00000024   Code   RO          708    .text               startup_stm32f10x_md.o
    0x08005720   0x00000024   Code   RO          715    .text               mc_w.l(memseta.o)
    0x08005744   0x0000001c   Code   RO          717    .text               mc_w.l(strcmp.o)
    0x08005760   0x00000012   Code   RO          719    .text               mc_w.l(strcpy.o)
    0x08005772   0x0000014e   Code   RO          982    .text               mf_w.l(dadd.o)
    0x080058c0   0x000000e4   Code   RO          984    .text               mf_w.l(dmul.o)
    0x080059a4   0x00000022   Code   RO          986    .text               mf_w.l(dflti.o)
    0x080059c6   0x0000003e   Code   RO          988    .text               mf_w.l(dfixi.o)
    0x08005a04   0x0000001e   Code   RO         1009    .text               mc_w.l(llshl.o)
    0x08005a22   0x00000020   Code   RO         1011    .text               mc_w.l(llushr.o)
    0x08005a42   0x00000024   Code   RO         1013    .text               mc_w.l(llsshr.o)
    0x08005a66   0x00000000   Code   RO         1015    .text               mc_w.l(iusefp.o)
    0x08005a66   0x000000b6   Code   RO         1016    .text               mf_w.l(depilogue.o)
    0x08005b1c   0x00000024   Code   RO         1024    .text               mc_w.l(init.o)
    0x08005b40   0x00000020   Code   RO          788    i.__0printf$2       mc_w.l(printf2.o)
    0x08005b60   0x0000000e   Code   RO         1028    i.__scatterload_copy  mc_w.l(handlers.o)
    0x08005b6e   0x00000002   Code   RO         1029    i.__scatterload_null  mc_w.l(handlers.o)
    0x08005b70   0x0000000e   Code   RO         1030    i.__scatterload_zeroinit  mc_w.l(handlers.o)
    0x08005b7e   0x000000d6   Code   RO          795    i._printf_core      mc_w.l(printf2.o)
    0x08005c54   0x000005f0   Data   RO          173    .constdata          oled.o
    0x08006244   0x00000020   Data   RO         1026    Region$$Table       anon$$obj.o


    Execution Region RW_IRAM1 (Base: 0x20000000, Size: 0x000005f0, Max: 0x00005000, ABSOLUTE)

    Base Addr    Size         Type   Attr      Idx    E Section Name        Object

    0x20000000   0x0000005a   Data   RW            3    .data               main.o
    0x2000005a   0x00000002   PAD
    0x2000005c   0x00000004   Data   RW          280    .data               e63_usart1.o
    0x20000060   0x00000008   Data   RW          301    .data               timrectigger.o
    0x20000068   0x00000008   Data   RW          332    .data               timer.o
    0x20000070   0x00000014   Data   RW          572    .data               stm32f10x_rcc.o
    0x20000084   0x00000014   Data   RW          681    .data               system_stm32f10x.o
    0x20000098   0x00000004   Data   RW         1004    .data               mc_w.l(stdout.o)
    0x2000009c   0x00000088   Zero   RW            2    .bss                main.o
    0x20000124   0x000000c8   Zero   RW          279    .bss                e63_usart1.o
    0x200001ec   0x00000004   PAD
    0x200001f0   0x00000400   Zero   RW          705    STACK               startup_stm32f10x_md.o


==============================================================================

Image component sizes


      Code (inc. data)   RO Data    RW Data    ZI Data      Debug   Object Name

         0          0          0          0          0         32   core_cm3.o
        94          0          0          0          0        836   delay.o
       744          8          0          0          0      31334   e63_can.o
      6228       1254          0          4        200      11649   e63_usart1.o
         0          0          0          0          0     219092   led.o
         0          0          0          0          0      20396   ledpwm.o
      2140        486          0         90        136     220982   main.o
       220         22          0          0          0       1929   misc.o
      1048          8       1520          0          0       4716   oled.o
         0          0          0          0          0       1728   rotaryencoder.o
        36          8        236          0       1024        912   startup_stm32f10x_md.o
      2544         38          0          0          0       7984   stm32f10x_can.o
       596          8          0          0          0       4454   stm32f10x_dma.o
       284         10          0          0          0       2363   stm32f10x_exti.o
       860         38          0          0          0       5773   stm32f10x_gpio.o
        26          0          0          0          0     202990   stm32f10x_it.o
       932         36          0         20          0       8972   stm32f10x_rcc.o
      3610         88          0          0          0      22260   stm32f10x_tim.o
      1032         22          0          0          0       8496   stm32f10x_usart.o
       480         38          0         20          0       2075   system_stm32f10x.o
       172          8          0          8          0       1127   timer.o
       996        102          0          8          0       2279   timrectigger.o

    ----------------------------------------------------------------------
     22048       2174       1788        152       1364     782379   Object Totals
         0          0         32          0          0          0   (incl. Generated)
         6          0          0          2          4          0   (incl. Padding)

    ----------------------------------------------------------------------

      Code (inc. data)   RO Data    RW Data    ZI Data      Debug   Library Member Name

         0          0          0          0          0          0   entry.o
         0          0          0          0          0          0   entry10a.o
         0          0          0          0          0          0   entry11a.o
         8          4          0          0          0          0   entry2.o
         4          0          0          0          0          0   entry5.o
         0          0          0          0          0          0   entry7b.o
         0          0          0          0          0          0   entry8b.o
         8          4          0          0          0          0   entry9a.o
        30          0          0          0          0          0   handlers.o
        36          8          0          0          0         68   init.o
         0          0          0          0          0          0   iusefp.o
        30          0          0          0          0         68   llshl.o
        36          0          0          0          0         68   llsshr.o
        32          0          0          0          0         68   llushr.o
        36          0          0          0          0        108   memseta.o
       246         10          0          0          0        176   printf2.o
         0          0          0          4          0          0   stdout.o
        28          0          0          0          0         76   strcmp.o
        18          0          0          0          0         68   strcpy.o
       334          0          0          0          0        148   dadd.o
       182          0          0          0          0        176   depilogue.o
        62          0          0          0          0         80   dfixi.o
        34          0          0          0          0         76   dflti.o
       228          0          0          0          0         96   dmul.o

    ----------------------------------------------------------------------
      1352         26          0          4          0       1276   Library Totals
         0          0          0          0          0          0   (incl. Padding)

    ----------------------------------------------------------------------

      Code (inc. data)   RO Data    RW Data    ZI Data      Debug   Library Name

       512         26          0          4          0        700   mc_w.l
       840          0          0          0          0        576   mf_w.l

    ----------------------------------------------------------------------
      1352         26          0          4          0       1276   Library Totals

    ----------------------------------------------------------------------

==============================================================================


      Code (inc. data)   RO Data    RW Data    ZI Data      Debug   

     23400       2200       1788        156       1364     781571   Grand Totals
     23400       2200       1788        156       1364     781571   ELF Image Totals
     23400       2200       1788        156          0          0   ROM Totals

==============================================================================

    Total RO  Size (Code + RO Data)                25188 (  24.60kB)
    Total RW  Size (RW Data + ZI Data)              1520 (   1.48kB)
    Total ROM Size (Code + RO Data + RW Data)      25344 (  24.75kB)

==============================================================================

